Archive member included to satisfy reference by file (symbol)

c:/intelfpga_lite/18.1/nios2eds/bin/gnu/h-x86_64-mingw32/bin/../lib/gcc/nios2-elf/5.3.0/mno-hw-mul\libgcc.a(_fixunssfsi.o)
                              obj/default/sgtl5000_test.o (__fixunssfsi)
c:/intelfpga_lite/18.1/nios2eds/bin/gnu/h-x86_64-mingw32/bin/../lib/gcc/nios2-elf/5.3.0/mno-hw-mul\libgcc.a(lib2-divmod.o)
                              obj/default/sgtl5000_test.o (__divsi3)
c:/intelfpga_lite/18.1/nios2eds/bin/gnu/h-x86_64-mingw32/bin/../lib/gcc/nios2-elf/5.3.0/mno-hw-mul\libgcc.a(gesf2.o)
                              c:/intelfpga_lite/18.1/nios2eds/bin/gnu/h-x86_64-mingw32/bin/../lib/gcc/nios2-elf/5.3.0/mno-hw-mul\libgcc.a(_fixunssfsi.o) (__gesf2)
c:/intelfpga_lite/18.1/nios2eds/bin/gnu/h-x86_64-mingw32/bin/../lib/gcc/nios2-elf/5.3.0/mno-hw-mul\libgcc.a(mulsf3.o)
                              obj/default/sgtl5000_test.o (__mulsf3)
c:/intelfpga_lite/18.1/nios2eds/bin/gnu/h-x86_64-mingw32/bin/../lib/gcc/nios2-elf/5.3.0/mno-hw-mul\libgcc.a(subsf3.o)
                              obj/default/sgtl5000_test.o (__subsf3)
c:/intelfpga_lite/18.1/nios2eds/bin/gnu/h-x86_64-mingw32/bin/../lib/gcc/nios2-elf/5.3.0/mno-hw-mul\libgcc.a(fixsfsi.o)
                              c:/intelfpga_lite/18.1/nios2eds/bin/gnu/h-x86_64-mingw32/bin/../lib/gcc/nios2-elf/5.3.0/mno-hw-mul\libgcc.a(_fixunssfsi.o) (__fixsfsi)
c:/intelfpga_lite/18.1/nios2eds/bin/gnu/h-x86_64-mingw32/bin/../lib/gcc/nios2-elf/5.3.0/mno-hw-mul\libgcc.a(floatunsisf.o)
                              obj/default/sgtl5000_test.o (__floatunsisf)
c:/intelfpga_lite/18.1/nios2eds/bin/gnu/h-x86_64-mingw32/bin/../lib/gcc/nios2-elf/5.3.0/mno-hw-mul\libgcc.a(_clzsi2.o)
                              c:/intelfpga_lite/18.1/nios2eds/bin/gnu/h-x86_64-mingw32/bin/../lib/gcc/nios2-elf/5.3.0/mno-hw-mul\libgcc.a(mulsf3.o) (__clzsi2)
c:/intelfpga_lite/18.1/nios2eds/bin/gnu/h-x86_64-mingw32/bin/../lib/gcc/nios2-elf/5.3.0/mno-hw-mul\libgcc.a(lib2-mul.o)
                              c:/intelfpga_lite/18.1/nios2eds/bin/gnu/h-x86_64-mingw32/bin/../lib/gcc/nios2-elf/5.3.0/mno-hw-mul\libgcc.a(mulsf3.o) (__mulsi3)
c:/intelfpga_lite/18.1/nios2eds/bin/gnu/h-x86_64-mingw32/bin/../lib/gcc/nios2-elf/5.3.0/mno-hw-mul\libgcc.a(_clz.o)
                              c:/intelfpga_lite/18.1/nios2eds/bin/gnu/h-x86_64-mingw32/bin/../lib/gcc/nios2-elf/5.3.0/mno-hw-mul\libgcc.a(_clzsi2.o) (__clz_tab)
c:/intelfpga_lite/18.1/nios2eds/bin/gnu/h-x86_64-mingw32/bin/../lib/gcc/nios2-elf/5.3.0/../../../../../H-x86_64-mingw32/nios2-elf/lib/mno-hw-mul\libsmallc.a(lib_a-printf.o)
                              obj/default/sgtl5000/sgtl5000.o (printf)
c:/intelfpga_lite/18.1/nios2eds/bin/gnu/h-x86_64-mingw32/bin/../lib/gcc/nios2-elf/5.3.0/../../../../../H-x86_64-mingw32/nios2-elf/lib/mno-hw-mul\libsmallc.a(lib_a-puts.o)
                              obj/default/sgtl5000_test.o (puts)
c:/intelfpga_lite/18.1/nios2eds/bin/gnu/h-x86_64-mingw32/bin/../lib/gcc/nios2-elf/5.3.0/../../../../../H-x86_64-mingw32/nios2-elf/lib/mno-hw-mul\libsmallc.a(lib_a-strlen.o)
                              c:/intelfpga_lite/18.1/nios2eds/bin/gnu/h-x86_64-mingw32/bin/../lib/gcc/nios2-elf/5.3.0/../../../../../H-x86_64-mingw32/nios2-elf/lib/mno-hw-mul\libsmallc.a(lib_a-puts.o) (strlen)
c:/intelfpga_lite/18.1/nios2eds/bin/gnu/h-x86_64-mingw32/bin/../lib/gcc/nios2-elf/5.3.0/../../../../../H-x86_64-mingw32/nios2-elf/lib/mno-hw-mul\libsmallc.a(lib_a-vfprintf.o)
                              c:/intelfpga_lite/18.1/nios2eds/bin/gnu/h-x86_64-mingw32/bin/../lib/gcc/nios2-elf/5.3.0/../../../../../H-x86_64-mingw32/nios2-elf/lib/mno-hw-mul\libsmallc.a(lib_a-printf.o) (___vfprintf_internal_r)
c:/intelfpga_lite/18.1/nios2eds/bin/gnu/h-x86_64-mingw32/bin/../lib/gcc/nios2-elf/5.3.0/../../../../../H-x86_64-mingw32/nios2-elf/lib/mno-hw-mul\libsmallc.a(lib_a-fvwrite_small_dev.o)
                              c:/intelfpga_lite/18.1/nios2eds/bin/gnu/h-x86_64-mingw32/bin/../lib/gcc/nios2-elf/5.3.0/../../../../../H-x86_64-mingw32/nios2-elf/lib/mno-hw-mul\libsmallc.a(lib_a-printf.o) (__sfvwrite_small_dev)
c:/intelfpga_lite/18.1/nios2eds/bin/gnu/h-x86_64-mingw32/bin/../lib/gcc/nios2-elf/5.3.0/../../../../../H-x86_64-mingw32/nios2-elf/lib/mno-hw-mul\libsmallc.a(lib_a-impure.o)
                              c:/intelfpga_lite/18.1/nios2eds/bin/gnu/h-x86_64-mingw32/bin/../lib/gcc/nios2-elf/5.3.0/../../../../../H-x86_64-mingw32/nios2-elf/lib/mno-hw-mul\libsmallc.a(lib_a-printf.o) (_impure_ptr)
c:/intelfpga_lite/18.1/nios2eds/bin/gnu/h-x86_64-mingw32/bin/../lib/gcc/nios2-elf/5.3.0/../../../../../H-x86_64-mingw32/nios2-elf/lib/mno-hw-mul\libsmallc.a(lib_a-writer.o)
                              c:/intelfpga_lite/18.1/nios2eds/bin/gnu/h-x86_64-mingw32/bin/../lib/gcc/nios2-elf/5.3.0/../../../../../H-x86_64-mingw32/nios2-elf/lib/mno-hw-mul\libsmallc.a(lib_a-fvwrite_small_dev.o) (_write_r)
[...]
Memory Configuration

Name             Origin             Length             Attributes
sdram            0x0000000004000000 0x0000000004000000
reset            0x0000000008010000 0x0000000000000020
onchip_memory2_0 0x0000000008010020 0x000000000000f9e0
*default*        0x0000000000000000 0xffffffffffffffff

Linker script and memory map

LOAD ../mp3_player_app_bsp//obj/HAL/src/crt0.o
LOAD obj/default/sgtl5000/sgtl5000.o
LOAD obj/default/sgtl5000_test.o
LOAD c:/intelfpga_lite/18.1/nios2eds/bin/gnu/h-x86_64-mingw32/bin/../lib/gcc/nios2-elf/5.3.0/../../../../../H-x86_64-mingw32/nios2-elf/lib/mno-hw-mul\libstdc++.a
LOAD c:/intelfpga_lite/18.1/nios2eds/bin/gnu/h-x86_64-mingw32/bin/../lib/gcc/nios2-elf/5.3.0/../../../../../H-x86_64-mingw32/nios2-elf/lib/mno-hw-mul\libm.a
LOAD c:/intelfpga_lite/18.1/nios2eds/bin/gnu/h-x86_64-mingw32/bin/../lib/gcc/nios2-elf/5.3.0/mno-hw-mul\libgcc.a
START GROUP
LOAD c:/intelfpga_lite/18.1/nios2eds/bin/gnu/h-x86_64-mingw32/bin/../lib/gcc/nios2-elf/5.3.0/../../../../../H-x86_64-mingw32/nios2-elf/lib/mno-hw-mul\libsmallc.a
LOAD c:/intelfpga_lite/18.1/nios2eds/bin/gnu/h-x86_64-mingw32/bin/../lib/gcc/nios2-elf/5.3.0/mno-hw-mul\libgcc.a
LOAD ../mp3_player_app_bsp/\libhal_bsp.a
LOAD c:/intelfpga_lite/18.1/nios2eds/bin/gnu/h-x86_64-mingw32/bin/../lib/gcc/nios2-elf/5.3.0/../../../../../H-x86_64-mingw32/nios2-elf/lib/mno-hw-mul\libm.a
END GROUP
LOAD c:/intelfpga_lite/18.1/nios2eds/bin/gnu/h-x86_64-mingw32/bin/../lib/gcc/nios2-elf/5.3.0/mno-hw-mul\libgcc.a
                0x0000000004000000                __alt_mem_sdram = 0x4000000
                0x0000000008010000                __alt_mem_onchip_memory2_0 = 0x8010000

.entry          0x0000000008010000       0x20
 *(.entry)
 .entry         0x0000000008010000       0x20 ../mp3_player_app_bsp//obj/HAL/src/crt0.o
                0x0000000008010000                __reset

.exceptions     0x0000000008010020      0x210
                0x0000000008010020                PROVIDE (__ram_exceptions_start, ABSOLUTE (.))
                0x0000000008010020                . = ALIGN (0x20)
 *(.irq)
 *(.exceptions.entry.label)
 .exceptions.entry.label
                0x0000000008010020        0x0 ../mp3_player_app_bsp/\libhal_bsp.a(alt_irq_entry.o)
                0x0000000008010020                alt_irq_entry
 .exceptions.entry.label
                0x0000000008010020        0x0 ../mp3_player_app_bsp/\libhal_bsp.a(alt_exception_entry.o)
                0x0000000008010020                alt_exception
 *(.exceptions.entry.user)
 *(.exceptions.entry.ecc_fatal)
 *(.exceptions.entry)
 .exceptions.entry
                0x0000000008010020       0x54 ../mp3_player_app_bsp/\libhal_bsp.a(alt_exception_entry.o)
 *(.exceptions.irqtest.user)
 *(.exceptions.irqtest)
 .exceptions.irqtest
                0x0000000008010074       0x10 ../mp3_player_app_bsp/\libhal_bsp.a(alt_irq_entry.o)
 *(.exceptions.irqhandler.user)
 *(.exceptions.irqhandler)
 .exceptions.irqhandler
                0x0000000008010084        0x4 ../mp3_player_app_bsp/\libhal_bsp.a(alt_irq_entry.o)
 *(.exceptions.irqreturn.user)
 *(.exceptions.irqreturn)
 .exceptions.irqreturn
                0x0000000008010088        0x4 ../mp3_player_app_bsp/\libhal_bsp.a(alt_irq_entry.o)
 *(.exceptions.notirq.label)
 .exceptions.notirq.label
                0x000000000801008c        0x0 ../mp3_player_app_bsp/\libhal_bsp.a(alt_irq_entry.o)
 *(.exceptions.notirq.user)
 *(.exceptions.notirq)
 .exceptions.notirq
                0x000000000801008c        0x8 ../mp3_player_app_bsp/\libhal_bsp.a(alt_exception_entry.o)
 *(.exceptions.soft.user)
 *(.exceptions.soft)
 *(.exceptions.unknown.user)
 *(.exceptions.unknown)
 .exceptions.unknown
                0x0000000008010094       0x14 ../mp3_player_app_bsp/\libhal_bsp.a(alt_exception_entry.o)
 *(.exceptions.exit.label)
 .exceptions.exit.label
                0x00000000080100a8        0x0 ../mp3_player_app_bsp/\libhal_bsp.a(alt_irq_entry.o)
 .exceptions.exit.label
                0x00000000080100a8        0x0 ../mp3_player_app_bsp/\libhal_bsp.a(alt_exception_entry.o)
 *(.exceptions.exit.user)
 *(.exceptions.exit)
 .exceptions.exit
                0x00000000080100a8       0x54 ../mp3_player_app_bsp/\libhal_bsp.a(alt_exception_entry.o)
 *(.exceptions)
 .exceptions    0x00000000080100fc       0xd4 ../mp3_player_app_bsp/\libhal_bsp.a(alt_irq_handler.o)
                0x00000000080100fc                alt_irq_handler
 .exceptions    0x00000000080101d0       0x60 ../mp3_player_app_bsp/\libhal_bsp.a(alt_instruction_exception_entry.o)
                0x00000000080101d0                alt_instruction_exception_entry
                0x0000000008010230                PROVIDE (__ram_exceptions_end, ABSOLUTE (.))
                0x0000000008010020                PROVIDE (__flash_exceptions_start, LOADADDR (.exceptions))

.text           0x0000000008010230     0x5e74
                [!provide]                        PROVIDE (stext, ABSOLUTE (.))
 *(.interp)
 *(.hash)
 *(.dynsym)
 *(.dynstr)
 *(.gnu.version)
 *(.gnu.version_d)
 *(.gnu.version_r)
 *(.rel.init)
 *(.rela.init)
 *(.rel.text .rel.text.* .rel.gnu.linkonce.t.*)
 *(.rela.text .rela.text.* .rela.gnu.linkonce.t.*)
 *(.rel.fini)
 *(.rela.fini)
 *(.rel.rodata .rel.rodata.* .rel.gnu.linkonce.r.*)
 *(.rela.rodata .rela.rodata.* .rela.gnu.linkonce.r.*)
 *(.rel.data .rel.data.* .rel.gnu.linkonce.d.*)
 *(.rela.data .rela.data.* .rela.gnu.linkonce.d.*)
 *(.rel.tdata .rel.tdata.* .rel.gnu.linkonce.td.*)
 *(.rela.tdata .rela.tdata.* .rela.gnu.linkonce.td.*)
 *(.rel.tbss .rel.tbss.* .rel.gnu.linkonce.tb.*)
 *(.rela.tbss .rela.tbss.* .rela.gnu.linkonce.tb.*)
 *(.rel.ctors)
 *(.rela.ctors)
 *(.rel.dtors)
 *(.rela.dtors)
 *(.rel.got)
 *(.rela.got)
 *(.rel.sdata .rel.sdata.* .rel.gnu.linkonce.s.*)
 *(.rela.sdata .rela.sdata.* .rela.gnu.linkonce.s.*)
 *(.rel.sbss .rel.sbss.* .rel.gnu.linkonce.sb.*)
 *(.rela.sbss .rela.sbss.* .rela.gnu.linkonce.sb.*)
 *(.rel.sdata2 .rel.sdata2.* .rel.gnu.linkonce.s2.*)
 *(.rela.sdata2 .rela.sdata2.* .rela.gnu.linkonce.s2.*)
 *(.rel.sbss2 .rel.sbss2.* .rel.gnu.linkonce.sb2.*)
 *(.rela.sbss2 .rela.sbss2.* .rela.gnu.linkonce.sb2.*)
 *(.rel.bss .rel.bss.* .rel.gnu.linkonce.b.*)
 *(.rela.bss .rela.bss.* .rela.gnu.linkonce.b.*)
 *(.rel.plt)
 *(.rela.plt)
 *(.rel.dyn)
 *(.init)
 *(.plt)
 *(.text .stub .text.* .gnu.linkonce.t.*)
 .text          0x0000000008010230       0x3c ../mp3_player_app_bsp//obj/HAL/src/crt0.o
                0x0000000008010230                _start
 .text          0x000000000801026c      0x164 obj/default/sgtl5000/sgtl5000.o
                0x000000000801026c                SGTL5000_Reg_Rd
                0x0000000008010330                SGTL5000_Reg_Wr
 .text          0x00000000080103d0      0x4f8 obj/default/sgtl5000_test.o
                0x00000000080103d0                setLED
                0x00000000080103f4                clearLED
                0x0000000008010418                printSignedHex0
                0x00000000080104dc                printSignedHex1
                0x00000000080105c8                main
 .text          0x00000000080108c8       0x60 c:/intelfpga_lite/18.1/nios2eds/bin/gnu/h-x86_64-mingw32/bin/../lib/gcc/nios2-elf/5.3.0/mno-hw-mul\libgcc.a(_fixunssfsi.o)
                0x00000000080108c8                __fixunssfsi
 .text          0x0000000008010928      0x1b4 c:/intelfpga_lite/18.1/nios2eds/bin/gnu/h-x86_64-mingw32/bin/../lib/gcc/nios2-elf/5.3.0/mno-hw-mul\libgcc.a(lib2-divmod.o)
                0x0000000008010928                __divsi3
                0x00000000080109ac                __modsi3
                0x0000000008010a20                __udivsi3
                0x0000000008010a84                __umodsi3
 .text          0x0000000008010adc       0xbc c:/intelfpga_lite/18.1/nios2eds/bin/gnu/h-x86_64-mingw32/bin/../lib/gcc/nios2-elf/5.3.0/mno-hw-mul\libgcc.a(gesf2.o)
                0x0000000008010adc                __gesf2
                0x0000000008010adc                __gtsf2
 .text          0x0000000008010b98      0x430 c:/intelfpga_lite/18.1/nios2eds/bin/gnu/h-x86_64-mingw32/bin/../lib/gcc/nios2-elf/5.3.0/mno-hw-mul\libgcc.a(mulsf3.o)
                0x0000000008010b98                __mulsf3
 .text          0x0000000008010fc8      0x4e4 c:/intelfpga_lite/18.1/nios2eds/bin/gnu/h-x86_64-mingw32/bin/../lib/gcc/nios2-elf/5.3.0/mno-hw-mul\libgcc.a(subsf3.o)
                0x0000000008010fc8                __subsf3
 .text          0x00000000080114ac       0x70 c:/intelfpga_lite/18.1/nios2eds/bin/gnu/h-x86_64-mingw32/bin/../lib/gcc/nios2-elf/5.3.0/mno-hw-mul\libgcc.a(fixsfsi.o)
                0x00000000080114ac                __fixsfsi
 .text          0x000000000801151c       0xf0 c:/intelfpga_lite/18.1/nios2eds/bin/gnu/h-x86_64-mingw32/bin/../lib/gcc/nios2-elf/5.3.0/mno-hw-mul\libgcc.a(floatunsisf.o)
                0x000000000801151c                __floatunsisf
 .text          0x000000000801160c       0x64 c:/intelfpga_lite/18.1/nios2eds/bin/gnu/h-x86_64-mingw32/bin/../lib/gcc/nios2-elf/5.3.0/mno-hw-mul\libgcc.a(_clzsi2.o)
                0x000000000801160c                __clzsi2
 .text          0x0000000008011670       0x28 c:/intelfpga_lite/18.1/nios2eds/bin/gnu/h-x86_64-mingw32/bin/../lib/gcc/nios2-elf/5.3.0/mno-hw-mul\libgcc.a(lib2-mul.o)
                0x0000000008011670                __mulsi3
 .text          0x0000000008011698        0x0 c:/intelfpga_lite/18.1/nios2eds/bin/gnu/h-x86_64-mingw32/bin/../lib/gcc/nios2-elf/5.3.0/mno-hw-mul\libgcc.a(_clz.o)
 .text          0x0000000008011698        0x0 c:/intelfpga_lite/18.1/nios2eds/bin/gnu/h-x86_64-mingw32/bin/../lib/gcc/nios2-elf/5.3.0/../../../../../H-x86_64-mingw32/nios2-elf/lib/mno-hw-mul\libsmallc.a(lib_a-printf.o)
 .text._printf_r
                0x0000000008011698       0x3c c:/intelfpga_lite/18.1/nios2eds/bin/gnu/h-x86_64-mingw32/bin/../lib/gcc/nios2-elf/5.3.0/../../../../../H-x86_64-mingw32/nios2-elf/lib/mno-hw-mul\libsmallc.a(lib_a-printf.o)
                0x0000000008011698                _printf_r
 .text.printf   0x00000000080116d4       0x4c c:/intelfpga_lite/18.1/nios2eds/bin/gnu/h-x86_64-mingw32/bin/../lib/gcc/nios2-elf/5.3.0/../../../../../H-x86_64-mingw32/nios2-elf/lib/mno-hw-mul\libsmallc.a(lib_a-printf.o)
                0x00000000080116d4                printf
 .text          0x0000000008011720        0x0 c:/intelfpga_lite/18.1/nios2eds/bin/gnu/h-x86_64-mingw32/bin/../lib/gcc/nios2-elf/5.3.0/../../../../../H-x86_64-mingw32/nios2-elf/lib/mno-hw-mul\libsmallc.a(lib_a-puts.o)
 .text._puts_r  0x0000000008011720       0x80 c:/intelfpga_lite/18.1/nios2eds/bin/gnu/h-x86_64-mingw32/bin/../lib/gcc/nios2-elf/5.3.0/../../../../../H-x86_64-mingw32/nios2-elf/lib/mno-hw-mul\libsmallc.a(lib_a-puts.o)
                0x0000000008011720                _puts_r
 .text.puts     0x00000000080117a0       0x14 c:/intelfpga_lite/18.1/nios2eds/bin/gnu/h-x86_64-mingw32/bin/../lib/gcc/nios2-elf/5.3.0/../../../../../H-x86_64-mingw32/nios2-elf/lib/mno-hw-mul\libsmallc.a(lib_a-puts.o)
                0x00000000080117a0                puts
 .text          0x00000000080117b4        0x0 c:/intelfpga_lite/18.1/nios2eds/bin/gnu/h-x86_64-mingw32/bin/../lib/gcc/nios2-elf/5.3.0/../../../../../H-x86_64-mingw32/nios2-elf/lib/mno-hw-mul\libsmallc.a(lib_a-strlen.o)
 .text.strlen   0x00000000080117b4       0x1c c:/intelfpga_lite/18.1/nios2eds/bin/gnu/h-x86_64-mingw32/bin/../lib/gcc/nios2-elf/5.3.0/../../../../../H-x86_64-mingw32/nios2-elf/lib/mno-hw-mul\libsmallc.a(lib_a-strlen.o)
                0x00000000080117b4                strlen
 .text          0x00000000080117d0        0x0 c:/intelfpga_lite/18.1/nios2eds/bin/gnu/h-x86_64-mingw32/bin/../lib/gcc/nios2-elf/5.3.0/../../../../../H-x86_64-mingw32/nios2-elf/lib/mno-hw-mul\libsmallc.a(lib_a-vfprintf.o)
 .text.print_repeat
                0x00000000080117d0       0x6c c:/intelfpga_lite/18.1/nios2eds/bin/gnu/h-x86_64-mingw32/bin/../lib/gcc/nios2-elf/5.3.0/../../../../../H-x86_64-mingw32/nios2-elf/lib/mno-hw-mul\libsmallc.a(lib_a-vfprintf.o)
 .text.___vfprintf_internal_r
                0x000000000801183c      0x52c c:/intelfpga_lite/18.1/nios2eds/bin/gnu/h-x86_64-mingw32/bin/../lib/gcc/nios2-elf/5.3.0/../../../../../H-x86_64-mingw32/nios2-elf/lib/mno-hw-mul\libsmallc.a(lib_a-vfprintf.o)
                0x000000000801183c                ___vfprintf_internal_r
 .text.__vfprintf_internal
                0x0000000008011d68       0x1c c:/intelfpga_lite/18.1/nios2eds/bin/gnu/h-x86_64-mingw32/bin/../lib/gcc/nios2-elf/5.3.0/../../../../../H-x86_64-mingw32/nios2-elf/lib/mno-hw-mul\libsmallc.a(lib_a-vfprintf.o)
                0x0000000008011d68                __vfprintf_internal
 .text          0x0000000008011d84        0x0 c:/intelfpga_lite/18.1/nios2eds/bin/gnu/h-x86_64-mingw32/bin/../lib/gcc/nios2-elf/5.3.0/../../../../../H-x86_64-mingw32/nios2-elf/lib/mno-hw-mul\libsmallc.a(lib_a-fvwrite_small_dev.o)
 .text.__sfvwrite_small_dev
                0x0000000008011d84       0xb8 c:/intelfpga_lite/18.1/nios2eds/bin/gnu/h-x86_64-mingw32/bin/../lib/gcc/nios2-elf/5.3.0/../../../../../H-x86_64-mingw32/nios2-elf/lib/mno-hw-mul\libsmallc.a(lib_a-fvwrite_small_dev.o)
                0x0000000008011d84                __sfvwrite_small_dev
 .text          0x0000000008011e3c        0x0 c:/intelfpga_lite/18.1/nios2eds/bin/gnu/h-x86_64-mingw32/bin/../lib/gcc/nios2-elf/5.3.0/../../../../../H-x86_64-mingw32/nios2-elf/lib/mno-hw-mul\libsmallc.a(lib_a-impure.o)
 .text          0x0000000008011e3c        0x0 c:/intelfpga_lite/18.1/nios2eds/bin/gnu/h-x86_64-mingw32/bin/../lib/gcc/nios2-elf/5.3.0/../../../../../H-x86_64-mingw32/nios2-elf/lib/mno-hw-mul\libsmallc.a(lib_a-writer.o)
 .text._write_r
                0x0000000008011e3c       0x58 c:/intelfpga_lite/18.1/nios2eds/bin/gnu/h-x86_64-mingw32/bin/../lib/gcc/nios2-elf/5.3.0/../../../../../H-x86_64-mingw32/nios2-elf/lib/mno-hw-mul\libsmallc.a(lib_a-writer.o)
                0x0000000008011e3c                _write_r
 .text          0x0000000008011e94        0x0 c:/intelfpga_lite/18.1/nios2eds/bin/gnu/h-x86_64-mingw32/bin/../lib/gcc/nios2-elf/5.3.0/../../../../../H-x86_64-mingw32/nios2-elf/lib/mno-hw-mul\libsmallc.a(lib_a-int_errno.o)
 .text          0x0000000008011e94       0xec ../mp3_player_app_bsp/\libhal_bsp.a(alt_load.o)
                0x0000000008011efc                alt_load
 .text          0x0000000008011f80       0x7c ../mp3_player_app_bsp/\libhal_bsp.a(alt_main.o)
                0x0000000008011f80                alt_main
 .text          0x0000000008011ffc      0x13c ../mp3_player_app_bsp/\libhal_bsp.a(alt_write.o)
                0x0000000008012038                write
 .text          0x0000000008012138       0xc4 ../mp3_player_app_bsp/\libhal_bsp.a(alt_sys_init.o)
                0x000000000801216c                alt_irq_init
                0x00000000080121a4                alt_sys_init
 .text          0x00000000080121fc     0x1c18 ../mp3_player_app_bsp/\libhal_bsp.a(altera_avalon_i2c.o)
                0x000000000801230c                alt_avalon_i2c_register_optional_irq_handler
                0x00000000080123f8                alt_avalon_i2c_register_callback
                0x000000000801244c                alt_avalon_i2c_init
                0x0000000008012538                alt_avalon_i2c_open
                0x0000000008012578                alt_avalon_i2c_enable
                0x0000000008012610                alt_avalon_i2c_disable
                0x000000000801265c                alt_avalon_i2c_master_config_get
                0x000000000801270c                alt_avalon_i2c_master_config_set
                0x00000000080127d8                alt_avalon_i2c_master_config_speed_get
                0x000000000801286c                alt_avalon_i2c_master_config_speed_set
                0x0000000008012968                alt_avalon_i2c_is_busy
                0x00000000080129ac                alt_avalon_i2c_rx_read_available
                0x0000000008012a54                alt_avalon_i2c_rx_read
                0x0000000008012afc                alt_avalon_i2c_cmd_write
                0x0000000008012be0                alt_avalon_i2c_send_address
                0x0000000008012cd0                alt_avalon_i2c_master_target_get
                0x0000000008012d08                alt_avalon_i2c_master_target_set
                0x0000000008012d3c                alt_avalon_i2c_check_nack
                0x0000000008012d88                alt_avalon_i2c_check_arblost
                0x0000000008012dd4                alt_avalon_i2c_interrupt_transaction_status
                0x0000000008012f10                alt_avalon_i2c_master_tx
                0x0000000008012ff8                alt_avalon_i2c_master_rx
                0x0000000008013134                alt_avalon_i2c_master_tx_rx
                0x00000000080132fc                alt_avalon_i2c_master_transmit
                0x00000000080134bc                alt_avalon_i2c_master_transmit_using_interrupts
                0x00000000080136c8                alt_avalon_i2c_master_receive
                0x00000000080138d8                alt_avalon_i2c_master_receive_using_interrupts
                0x0000000008013ac8                alt_avalon_i2c_int_status_get
                0x0000000008013b20                alt_avalon_i2c_int_raw_status_get
                0x0000000008013b64                alt_avalon_i2c_int_clear
                0x0000000008013ba0                alt_avalon_i2c_int_disable
                0x0000000008013c08                alt_avalon_i2c_int_enable
                0x0000000008013c6c                alt_avalon_i2c_enabled_ints_get
                0x0000000008013cb0                alt_avalon_i2c_rx_fifo_threshold_get
                0x0000000008013cfc                alt_avalon_i2c_rx_fifo_threshold_set
                0x0000000008013d60                alt_avalon_i2c_tfr_cmd_fifo_threshold_get
                0x0000000008013dac                alt_avalon_i2c_tfr_cmd_fifo_threshold_set
 .text          0x0000000008013e14      0x164 ../mp3_player_app_bsp/\libhal_bsp.a(altera_avalon_jtag_uart_fd.o)
                0x0000000008013e14                altera_avalon_jtag_uart_read_fd
                0x0000000008013e74                altera_avalon_jtag_uart_write_fd
                0x0000000008013ed4                altera_avalon_jtag_uart_close_fd
                0x0000000008013f24                altera_avalon_jtag_uart_ioctl_fd
 .text          0x0000000008013f78      0x3d4 ../mp3_player_app_bsp/\libhal_bsp.a(altera_avalon_jtag_uart_init.o)
                0x0000000008013f78                altera_avalon_jtag_uart_init
                0x00000000080142e4                altera_avalon_jtag_uart_close
 .text          0x000000000801434c       0xf0 ../mp3_player_app_bsp/\libhal_bsp.a(altera_avalon_jtag_uart_ioctl.o)
                0x000000000801434c                altera_avalon_jtag_uart_ioctl
 .text          0x000000000801443c      0x21c ../mp3_player_app_bsp/\libhal_bsp.a(altera_avalon_jtag_uart_read.o)
                0x000000000801443c                altera_avalon_jtag_uart_read
 .text          0x0000000008014658      0x224 ../mp3_player_app_bsp/\libhal_bsp.a(altera_avalon_jtag_uart_write.o)
                0x0000000008014658                altera_avalon_jtag_uart_write
 .text          0x000000000801487c      0x12c ../mp3_player_app_bsp/\libhal_bsp.a(alt_alarm_start.o)
                0x000000000801487c                alt_alarm_start
 .text          0x00000000080149a8      0x158 ../mp3_player_app_bsp/\libhal_bsp.a(alt_busy_sleep.o)
                0x00000000080149a8                alt_busy_sleep
 .text          0x0000000008014b00      0x114 ../mp3_player_app_bsp/\libhal_bsp.a(alt_close.o)
                0x0000000008014b3c                close
 .text          0x0000000008014c14       0x20 ../mp3_player_app_bsp/\libhal_bsp.a(alt_dcache_flush_all.o)
                0x0000000008014c14                alt_dcache_flush_all
 .text          0x0000000008014c34       0x2c ../mp3_player_app_bsp/\libhal_bsp.a(alt_dev.o)
 .text          0x0000000008014c60       0xe0 ../mp3_player_app_bsp/\libhal_bsp.a(alt_dev_llist_insert.o)
                0x0000000008014c9c                alt_dev_llist_insert
 .text          0x0000000008014d40       0x60 ../mp3_player_app_bsp/\libhal_bsp.a(alt_do_ctors.o)
                0x0000000008014d40                _do_ctors
 .text          0x0000000008014da0       0x60 ../mp3_player_app_bsp/\libhal_bsp.a(alt_do_dtors.o)
                0x0000000008014da0                _do_dtors
 .text          0x0000000008014e00        0x0 ../mp3_player_app_bsp/\libhal_bsp.a(alt_errno.o)
 .text          0x0000000008014e00       0x90 ../mp3_player_app_bsp/\libhal_bsp.a(alt_find_dev.o)
                0x0000000008014e00                alt_find_dev
 .text          0x0000000008014e90       0x20 ../mp3_player_app_bsp/\libhal_bsp.a(alt_icache_flush_all.o)
                0x0000000008014e90                alt_icache_flush_all
 .text          0x0000000008014eb0      0x1b0 ../mp3_player_app_bsp/\libhal_bsp.a(alt_iic.o)
                0x0000000008014eb0                alt_ic_isr_register
                0x0000000008014f00                alt_ic_irq_enable
                0x0000000008014f88                alt_ic_irq_disable
                0x0000000008015014                alt_ic_irq_enabled
 .text          0x0000000008015060       0xf0 ../mp3_player_app_bsp/\libhal_bsp.a(alt_iic_isr_register.o)
                0x0000000008015060                alt_iic_isr_register
 .text          0x0000000008015150      0x160 ../mp3_player_app_bsp/\libhal_bsp.a(alt_io_redirect.o)
                0x0000000008015234                alt_io_redirect
 .text          0x00000000080152b0        0x0 ../mp3_player_app_bsp/\libhal_bsp.a(alt_irq_entry.o)
 .text          0x00000000080152b0        0x0 ../mp3_player_app_bsp/\libhal_bsp.a(alt_irq_handler.o)
 .text          0x00000000080152b0        0x0 ../mp3_player_app_bsp/\libhal_bsp.a(alt_irq_vars.o)
 .text          0x00000000080152b0      0x284 ../mp3_player_app_bsp/\libhal_bsp.a(alt_open.o)
                0x00000000080153d8                open
 .text          0x0000000008015534      0x22c ../mp3_player_app_bsp/\libhal_bsp.a(alt_printf.o)
                0x0000000008015534                alt_printf
 .text          0x0000000008015760       0x3c ../mp3_player_app_bsp/\libhal_bsp.a(alt_putchar.o)
                0x0000000008015760                alt_putchar
 .text          0x000000000801579c       0x84 ../mp3_player_app_bsp/\libhal_bsp.a(alt_release_fd.o)
                0x000000000801579c                alt_release_fd
 .text          0x0000000008015820      0x1a4 ../mp3_player_app_bsp/\libhal_bsp.a(alt_tick.o)
                0x0000000008015820                alt_alarm_stop
                0x00000000080158bc                alt_tick
 .text          0x00000000080159c4       0x24 ../mp3_player_app_bsp/\libhal_bsp.a(altera_nios2_gen2_irq.o)
                0x00000000080159c4                altera_nios2_gen2_irq_init
 .text          0x00000000080159e8        0x0 ../mp3_player_app_bsp/\libhal_bsp.a(alt_exception_entry.o)
 .text          0x00000000080159e8      0x108 ../mp3_player_app_bsp/\libhal_bsp.a(alt_find_file.o)
                0x00000000080159e8                alt_find_file
 .text          0x0000000008015af0       0xc4 ../mp3_player_app_bsp/\libhal_bsp.a(alt_get_fd.o)
                0x0000000008015af0                alt_get_fd
 .text          0x0000000008015bb4       0x9c ../mp3_player_app_bsp/\libhal_bsp.a(alt_instruction_exception_entry.o)
                0x0000000008015bb4                alt_exception_cause_generated_bad_addr
 .text          0x0000000008015c50        0x0 c:/intelfpga_lite/18.1/nios2eds/bin/gnu/h-x86_64-mingw32/bin/../lib/gcc/nios2-elf/5.3.0/../../../../../H-x86_64-mingw32/nios2-elf/lib/mno-hw-mul\libsmallc.a(lib_a-atexit.o)
 .text.atexit   0x0000000008015c50       0x14 c:/intelfpga_lite/18.1/nios2eds/bin/gnu/h-x86_64-mingw32/bin/../lib/gcc/nios2-elf/5.3.0/../../../../../H-x86_64-mingw32/nios2-elf/lib/mno-hw-mul\libsmallc.a(lib_a-atexit.o)
                0x0000000008015c50                atexit
 .text          0x0000000008015c64        0x0 c:/intelfpga_lite/18.1/nios2eds/bin/gnu/h-x86_64-mingw32/bin/../lib/gcc/nios2-elf/5.3.0/../../../../../H-x86_64-mingw32/nios2-elf/lib/mno-hw-mul\libsmallc.a(lib_a-exit.o)
 .text.exit     0x0000000008015c64       0x20 c:/intelfpga_lite/18.1/nios2eds/bin/gnu/h-x86_64-mingw32/bin/../lib/gcc/nios2-elf/5.3.0/../../../../../H-x86_64-mingw32/nios2-elf/lib/mno-hw-mul\libsmallc.a(lib_a-exit.o)
                0x0000000008015c64                exit
 .text          0x0000000008015c84        0x0 c:/intelfpga_lite/18.1/nios2eds/bin/gnu/h-x86_64-mingw32/bin/../lib/gcc/nios2-elf/5.3.0/../../../../../H-x86_64-mingw32/nios2-elf/lib/mno-hw-mul\libsmallc.a(lib_a-memcmp.o)
 .text.memcmp   0x0000000008015c84       0x30 c:/intelfpga_lite/18.1/nios2eds/bin/gnu/h-x86_64-mingw32/bin/../lib/gcc/nios2-elf/5.3.0/../../../../../H-x86_64-mingw32/nios2-elf/lib/mno-hw-mul\libsmallc.a(lib_a-memcmp.o)
                0x0000000008015c84                memcmp
 .text          0x0000000008015cb4        0x0 c:/intelfpga_lite/18.1/nios2eds/bin/gnu/h-x86_64-mingw32/bin/../lib/gcc/nios2-elf/5.3.0/../../../../../H-x86_64-mingw32/nios2-elf/lib/mno-hw-mul\libsmallc.a(lib_a-memcpy.o)
 .text.memcpy   0x0000000008015cb4       0x28 c:/intelfpga_lite/18.1/nios2eds/bin/gnu/h-x86_64-mingw32/bin/../lib/gcc/nios2-elf/5.3.0/../../../../../H-x86_64-mingw32/nios2-elf/lib/mno-hw-mul\libsmallc.a(lib_a-memcpy.o)
                0x0000000008015cb4                memcpy
 .text          0x0000000008015cdc        0x0 c:/intelfpga_lite/18.1/nios2eds/bin/gnu/h-x86_64-mingw32/bin/../lib/gcc/nios2-elf/5.3.0/../../../../../H-x86_64-mingw32/nios2-elf/lib/mno-hw-mul\libsmallc.a(lib_a-putc.o)
 .text.putc     0x0000000008015cdc       0x54 c:/intelfpga_lite/18.1/nios2eds/bin/gnu/h-x86_64-mingw32/bin/../lib/gcc/nios2-elf/5.3.0/../../../../../H-x86_64-mingw32/nios2-elf/lib/mno-hw-mul\libsmallc.a(lib_a-putc.o)
                0x0000000008015cdc                putc
 .text._putc_r  0x0000000008015d30       0x58 c:/intelfpga_lite/18.1/nios2eds/bin/gnu/h-x86_64-mingw32/bin/../lib/gcc/nios2-elf/5.3.0/../../../../../H-x86_64-mingw32/nios2-elf/lib/mno-hw-mul\libsmallc.a(lib_a-putc.o)
                0x0000000008015d30                _putc_r
 .text          0x0000000008015d88        0x0 c:/intelfpga_lite/18.1/nios2eds/bin/gnu/h-x86_64-mingw32/bin/../lib/gcc/nios2-elf/5.3.0/../../../../../H-x86_64-mingw32/nios2-elf/lib/mno-hw-mul\libsmallc.a(lib_a-__atexit.o)
 .text.__register_exitproc
                0x0000000008015d88      0x158 c:/intelfpga_lite/18.1/nios2eds/bin/gnu/h-x86_64-mingw32/bin/../lib/gcc/nios2-elf/5.3.0/../../../../../H-x86_64-mingw32/nios2-elf/lib/mno-hw-mul\libsmallc.a(lib_a-__atexit.o)
                0x0000000008015d88                __register_exitproc
 .text          0x0000000008015ee0        0x0 c:/intelfpga_lite/18.1/nios2eds/bin/gnu/h-x86_64-mingw32/bin/../lib/gcc/nios2-elf/5.3.0/../../../../../H-x86_64-mingw32/nios2-elf/lib/mno-hw-mul\libsmallc.a(lib_a-__call_atexit.o)
 .text.__call_exitprocs
                0x0000000008015ee0      0x190 c:/intelfpga_lite/18.1/nios2eds/bin/gnu/h-x86_64-mingw32/bin/../lib/gcc/nios2-elf/5.3.0/../../../../../H-x86_64-mingw32/nios2-elf/lib/mno-hw-mul\libsmallc.a(lib_a-__call_atexit.o)
                0x0000000008015ee0                __call_exitprocs
 .text          0x0000000008016070       0x34 ../mp3_player_app_bsp/\libhal_bsp.a(alt_exit.o)
                0x0000000008016070                _exit
 *(.gnu.warning.*)
 *(.fini)
                [!provide]                        PROVIDE (__etext, ABSOLUTE (.))
                [!provide]                        PROVIDE (_etext, ABSOLUTE (.))
                [!provide]                        PROVIDE (etext, ABSOLUTE (.))
 *(.eh_frame_hdr)
                0x00000000080160a4                . = ALIGN (0x4)
                [!provide]                        PROVIDE (__preinit_array_start, ABSOLUTE (.))
 *(.preinit_array)
                [!provide]                        PROVIDE (__preinit_array_end, ABSOLUTE (.))
                [!provide]                        PROVIDE (__init_array_start, ABSOLUTE (.))
 *(.init_array)
                [!provide]                        PROVIDE (__init_array_end, ABSOLUTE (.))
                [!provide]                        PROVIDE (__fini_array_start, ABSOLUTE (.))
 *(.fini_array)
                [!provide]                        PROVIDE (__fini_array_end, ABSOLUTE (.))
 *(.eh_frame)
 *(.gcc_except_table .gcc_except_table.*)
 *(.dynamic)
                0x00000000080160a4                PROVIDE (__CTOR_LIST__, ABSOLUTE (.))
 *(.ctors)
 *(SORT(.ctors.*))
                0x00000000080160a4                PROVIDE (__CTOR_END__, ABSOLUTE (.))
                0x00000000080160a4                PROVIDE (__DTOR_LIST__, ABSOLUTE (.))
 *(.dtors)
 *(SORT(.dtors.*))
                0x00000000080160a4                PROVIDE (__DTOR_END__, ABSOLUTE (.))
 *(.jcr)
                0x00000000080160a4                . = ALIGN (0x4)

.rodata         0x00000000080160a4      0x34c
                0x00000000080160a4                PROVIDE (__ram_rodata_start, ABSOLUTE (.))
                0x00000000080160a4                . = ALIGN (0x4)
 *(.rodata .rodata.* .gnu.linkonce.r.*)
 .rodata        0x00000000080160a4       0x24 obj/default/sgtl5000/sgtl5000.o
 .rodata        0x00000000080160c8      0x1c4 obj/default/sgtl5000_test.o
 .rodata        0x000000000801628c      0x100 c:/intelfpga_lite/18.1/nios2eds/bin/gnu/h-x86_64-mingw32/bin/../lib/gcc/nios2-elf/5.3.0/mno-hw-mul\libgcc.a(_clz.o)
                0x000000000801628c                __clz_tab
 .rodata.str1.4
                0x000000000801638c        0x4 c:/intelfpga_lite/18.1/nios2eds/bin/gnu/h-x86_64-mingw32/bin/../lib/gcc/nios2-elf/5.3.0/../../../../../H-x86_64-mingw32/nios2-elf/lib/mno-hw-mul\libsmallc.a(lib_a-puts.o)
                                          0x2 (size before relaxing)
 .rodata        0x0000000008016390       0x11 ../mp3_player_app_bsp/\libhal_bsp.a(alt_main.o)
 *fill*         0x00000000080163a1        0x3 
 .rodata        0x00000000080163a4       0x1d ../mp3_player_app_bsp/\libhal_bsp.a(alt_sys_init.o)
 *fill*         0x00000000080163c1        0x3 
 .rodata        0x00000000080163c4       0x1d ../mp3_player_app_bsp/\libhal_bsp.a(altera_avalon_i2c.o)
 *fill*         0x00000000080163e1        0x3 
 .rodata        0x00000000080163e4        0xa ../mp3_player_app_bsp/\libhal_bsp.a(alt_dev.o)
 *(.rodata1)
                0x00000000080163f0                . = ALIGN (0x4)
 *fill*         0x00000000080163ee        0x2 
                0x00000000080163f0                PROVIDE (__ram_rodata_end, ABSOLUTE (.))
                0x00000000080160a4                PROVIDE (__flash_rodata_start, LOADADDR (.rodata))

.rwdata         0x00000000080163f0     0x1354 load address 0x0000000008017744
                0x00000000080163f0                PROVIDE (__ram_rwdata_start, ABSOLUTE (.))
                0x00000000080163f0                . = ALIGN (0x4)
 *(.got.plt)
 *(.got)
 *(.data1)
 *(.data .data.* .gnu.linkonce.d.*)
 .data          0x00000000080163f0        0x0 ../mp3_player_app_bsp//obj/HAL/src/crt0.o
 .data          0x00000000080163f0        0x0 obj/default/sgtl5000/sgtl5000.o
 .data          0x00000000080163f0        0x0 obj/default/sgtl5000_test.o
 .data          0x00000000080163f0        0x0 c:/intelfpga_lite/18.1/nios2eds/bin/gnu/h-x86_64-mingw32/bin/../lib/gcc/nios2-elf/5.3.0/mno-hw-mul\libgcc.a(_fixunssfsi.o)
 .data          0x00000000080163f0        0x0 c:/intelfpga_lite/18.1/nios2eds/bin/gnu/h-x86_64-mingw32/bin/../lib/gcc/nios2-elf/5.3.0/mno-hw-mul\libgcc.a(lib2-divmod.o)
 .data          0x00000000080163f0        0x0 c:/intelfpga_lite/18.1/nios2eds/bin/gnu/h-x86_64-mingw32/bin/../lib/gcc/nios2-elf/5.3.0/mno-hw-mul\libgcc.a(gesf2.o)
 .data          0x00000000080163f0        0x0 c:/intelfpga_lite/18.1/nios2eds/bin/gnu/h-x86_64-mingw32/bin/../lib/gcc/nios2-elf/5.3.0/mno-hw-mul\libgcc.a(mulsf3.o)
 .data          0x00000000080163f0        0x0 c:/intelfpga_lite/18.1/nios2eds/bin/gnu/h-x86_64-mingw32/bin/../lib/gcc/nios2-elf/5.3.0/mno-hw-mul\libgcc.a(subsf3.o)
 .data          0x00000000080163f0        0x0 c:/intelfpga_lite/18.1/nios2eds/bin/gnu/h-x86_64-mingw32/bin/../lib/gcc/nios2-elf/5.3.0/mno-hw-mul\libgcc.a(fixsfsi.o)
 .data          0x00000000080163f0        0x0 c:/intelfpga_lite/18.1/nios2eds/bin/gnu/h-x86_64-mingw32/bin/../lib/gcc/nios2-elf/5.3.0/mno-hw-mul\libgcc.a(floatunsisf.o)
 .data          0x00000000080163f0        0x0 c:/intelfpga_lite/18.1/nios2eds/bin/gnu/h-x86_64-mingw32/bin/../lib/gcc/nios2-elf/5.3.0/mno-hw-mul\libgcc.a(_clzsi2.o)
 .data          0x00000000080163f0        0x0 c:/intelfpga_lite/18.1/nios2eds/bin/gnu/h-x86_64-mingw32/bin/../lib/gcc/nios2-elf/5.3.0/mno-hw-mul\libgcc.a(lib2-mul.o)
 .data          0x00000000080163f0        0x0 c:/intelfpga_lite/18.1/nios2eds/bin/gnu/h-x86_64-mingw32/bin/../lib/gcc/nios2-elf/5.3.0/mno-hw-mul\libgcc.a(_clz.o)
 .data          0x00000000080163f0        0x0 c:/intelfpga_lite/18.1/nios2eds/bin/gnu/h-x86_64-mingw32/bin/../lib/gcc/nios2-elf/5.3.0/../../../../../H-x86_64-mingw32/nios2-elf/lib/mno-hw-mul\libsmallc.a(lib_a-printf.o)
 .data          0x00000000080163f0        0x0 c:/intelfpga_lite/18.1/nios2eds/bin/gnu/h-x86_64-mingw32/bin/../lib/gcc/nios2-elf/5.3.0/../../../../../H-x86_64-mingw32/nios2-elf/lib/mno-hw-mul\libsmallc.a(lib_a-puts.o)
 .data          0x00000000080163f0        0x0 c:/intelfpga_lite/18.1/nios2eds/bin/gnu/h-x86_64-mingw32/bin/../lib/gcc/nios2-elf/5.3.0/../../../../../H-x86_64-mingw32/nios2-elf/lib/mno-hw-mul\libsmallc.a(lib_a-strlen.o)
 .data          0x00000000080163f0        0x0 c:/intelfpga_lite/18.1/nios2eds/bin/gnu/h-x86_64-mingw32/bin/../lib/gcc/nios2-elf/5.3.0/../../../../../H-x86_64-mingw32/nios2-elf/lib/mno-hw-mul\libsmallc.a(lib_a-vfprintf.o)
 .data          0x00000000080163f0        0x0 c:/intelfpga_lite/18.1/nios2eds/bin/gnu/h-x86_64-mingw32/bin/../lib/gcc/nios2-elf/5.3.0/../../../../../H-x86_64-mingw32/nios2-elf/lib/mno-hw-mul\libsmallc.a(lib_a-fvwrite_small_dev.o)
 .data          0x00000000080163f0        0x0 c:/intelfpga_lite/18.1/nios2eds/bin/gnu/h-x86_64-mingw32/bin/../lib/gcc/nios2-elf/5.3.0/../../../../../H-x86_64-mingw32/nios2-elf/lib/mno-hw-mul\libsmallc.a(lib_a-impure.o)
 .data.impure_data
                0x00000000080163f0       0xe0 c:/intelfpga_lite/18.1/nios2eds/bin/gnu/h-x86_64-mingw32/bin/../lib/gcc/nios2-elf/5.3.0/../../../../../H-x86_64-mingw32/nios2-elf/lib/mno-hw-mul\libsmallc.a(lib_a-impure.o)
 .data          0x00000000080164d0        0x0 c:/intelfpga_lite/18.1/nios2eds/bin/gnu/h-x86_64-mingw32/bin/../lib/gcc/nios2-elf/5.3.0/../../../../../H-x86_64-mingw32/nios2-elf/lib/mno-hw-mul\libsmallc.a(lib_a-writer.o)
 .data          0x00000000080164d0        0x0 c:/intelfpga_lite/18.1/nios2eds/bin/gnu/h-x86_64-mingw32/bin/../lib/gcc/nios2-elf/5.3.0/../../../../../H-x86_64-mingw32/nios2-elf/lib/mno-hw-mul\libsmallc.a(lib_a-int_errno.o)
 .data          0x00000000080164d0        0x0 ../mp3_player_app_bsp/\libhal_bsp.a(alt_load.o)
 .data          0x00000000080164d0        0x0 ../mp3_player_app_bsp/\libhal_bsp.a(alt_main.o)
 .data          0x00000000080164d0        0x0 ../mp3_player_app_bsp/\libhal_bsp.a(alt_write.o)
 .data          0x00000000080164d0     0x1098 ../mp3_player_app_bsp/\libhal_bsp.a(alt_sys_init.o)
 .data          0x0000000008017568        0x0 ../mp3_player_app_bsp/\libhal_bsp.a(altera_avalon_i2c.o)
 .data          0x0000000008017568        0x0 ../mp3_player_app_bsp/\libhal_bsp.a(altera_avalon_jtag_uart_fd.o)
 .data          0x0000000008017568        0x0 ../mp3_player_app_bsp/\libhal_bsp.a(altera_avalon_jtag_uart_init.o)
 .data          0x0000000008017568        0x0 ../mp3_player_app_bsp/\libhal_bsp.a(altera_avalon_jtag_uart_ioctl.o)
 .data          0x0000000008017568        0x0 ../mp3_player_app_bsp/\libhal_bsp.a(altera_avalon_jtag_uart_read.o)
 .data          0x0000000008017568        0x0 ../mp3_player_app_bsp/\libhal_bsp.a(altera_avalon_jtag_uart_write.o)
 .data          0x0000000008017568        0x0 ../mp3_player_app_bsp/\libhal_bsp.a(alt_alarm_start.o)
 .data          0x0000000008017568        0x0 ../mp3_player_app_bsp/\libhal_bsp.a(alt_busy_sleep.o)
 .data          0x0000000008017568        0x0 ../mp3_player_app_bsp/\libhal_bsp.a(alt_close.o)
 .data          0x0000000008017568        0x0 ../mp3_player_app_bsp/\libhal_bsp.a(alt_dcache_flush_all.o)
 .data          0x0000000008017568      0x1a8 ../mp3_player_app_bsp/\libhal_bsp.a(alt_dev.o)
                0x0000000008017568                alt_dev_null
                0x0000000008017590                alt_fd_list
 .data          0x0000000008017710        0x0 ../mp3_player_app_bsp/\libhal_bsp.a(alt_dev_llist_insert.o)
 .data          0x0000000008017710        0x0 ../mp3_player_app_bsp/\libhal_bsp.a(alt_do_ctors.o)
 .data          0x0000000008017710        0x0 ../mp3_player_app_bsp/\libhal_bsp.a(alt_do_dtors.o)
 .data          0x0000000008017710        0x0 ../mp3_player_app_bsp/\libhal_bsp.a(alt_errno.o)
 .data          0x0000000008017710        0x0 ../mp3_player_app_bsp/\libhal_bsp.a(alt_find_dev.o)
 .data          0x0000000008017710        0x0 ../mp3_player_app_bsp/\libhal_bsp.a(alt_icache_flush_all.o)
 .data          0x0000000008017710        0x0 ../mp3_player_app_bsp/\libhal_bsp.a(alt_iic.o)
 .data          0x0000000008017710        0x0 ../mp3_player_app_bsp/\libhal_bsp.a(alt_iic_isr_register.o)
 .data          0x0000000008017710        0x0 ../mp3_player_app_bsp/\libhal_bsp.a(alt_io_redirect.o)
 .data          0x0000000008017710        0x0 ../mp3_player_app_bsp/\libhal_bsp.a(alt_irq_entry.o)
 .data          0x0000000008017710        0x0 ../mp3_player_app_bsp/\libhal_bsp.a(alt_irq_handler.o)
 .data          0x0000000008017710        0x0 ../mp3_player_app_bsp/\libhal_bsp.a(alt_irq_vars.o)
 .data          0x0000000008017710        0x0 ../mp3_player_app_bsp/\libhal_bsp.a(alt_open.o)
 .data          0x0000000008017710        0x0 ../mp3_player_app_bsp/\libhal_bsp.a(alt_printf.o)
 .data          0x0000000008017710        0x0 ../mp3_player_app_bsp/\libhal_bsp.a(alt_putchar.o)
 .data          0x0000000008017710        0x0 ../mp3_player_app_bsp/\libhal_bsp.a(alt_release_fd.o)
 .data          0x0000000008017710        0x0 ../mp3_player_app_bsp/\libhal_bsp.a(alt_tick.o)
 .data          0x0000000008017710        0x0 ../mp3_player_app_bsp/\libhal_bsp.a(altera_nios2_gen2_irq.o)
 .data          0x0000000008017710        0x0 ../mp3_player_app_bsp/\libhal_bsp.a(alt_exception_entry.o)
 .data          0x0000000008017710        0x0 ../mp3_player_app_bsp/\libhal_bsp.a(alt_find_file.o)
 .data          0x0000000008017710        0x0 ../mp3_player_app_bsp/\libhal_bsp.a(alt_get_fd.o)
 .data          0x0000000008017710        0x0 ../mp3_player_app_bsp/\libhal_bsp.a(alt_instruction_exception_entry.o)
 .data          0x0000000008017710        0x0 c:/intelfpga_lite/18.1/nios2eds/bin/gnu/h-x86_64-mingw32/bin/../lib/gcc/nios2-elf/5.3.0/../../../../../H-x86_64-mingw32/nios2-elf/lib/mno-hw-mul\libsmallc.a(lib_a-atexit.o)
 .data          0x0000000008017710        0x0 c:/intelfpga_lite/18.1/nios2eds/bin/gnu/h-x86_64-mingw32/bin/../lib/gcc/nios2-elf/5.3.0/../../../../../H-x86_64-mingw32/nios2-elf/lib/mno-hw-mul\libsmallc.a(lib_a-exit.o)
 .data          0x0000000008017710        0x0 c:/intelfpga_lite/18.1/nios2eds/bin/gnu/h-x86_64-mingw32/bin/../lib/gcc/nios2-elf/5.3.0/../../../../../H-x86_64-mingw32/nios2-elf/lib/mno-hw-mul\libsmallc.a(lib_a-memcmp.o)
 .data          0x0000000008017710        0x0 c:/intelfpga_lite/18.1/nios2eds/bin/gnu/h-x86_64-mingw32/bin/../lib/gcc/nios2-elf/5.3.0/../../../../../H-x86_64-mingw32/nios2-elf/lib/mno-hw-mul\libsmallc.a(lib_a-memcpy.o)
 .data          0x0000000008017710        0x0 c:/intelfpga_lite/18.1/nios2eds/bin/gnu/h-x86_64-mingw32/bin/../lib/gcc/nios2-elf/5.3.0/../../../../../H-x86_64-mingw32/nios2-elf/lib/mno-hw-mul\libsmallc.a(lib_a-putc.o)
 .data          0x0000000008017710        0x0 c:/intelfpga_lite/18.1/nios2eds/bin/gnu/h-x86_64-mingw32/bin/../lib/gcc/nios2-elf/5.3.0/../../../../../H-x86_64-mingw32/nios2-elf/lib/mno-hw-mul\libsmallc.a(lib_a-__atexit.o)
 .data          0x0000000008017710        0x0 c:/intelfpga_lite/18.1/nios2eds/bin/gnu/h-x86_64-mingw32/bin/../lib/gcc/nios2-elf/5.3.0/../../../../../H-x86_64-mingw32/nios2-elf/lib/mno-hw-mul\libsmallc.a(lib_a-__call_atexit.o)
 .data          0x0000000008017710        0x0 ../mp3_player_app_bsp/\libhal_bsp.a(alt_exit.o)
                0x000000000801f710                _gp = ABSOLUTE ((. + 0x8000))
                [!provide]                        PROVIDE (gp, _gp)
 *(.rwdata .rwdata.*)
 *(.sdata .sdata.* .gnu.linkonce.s.*)
 .sdata._global_impure_ptr
                0x0000000008017710        0x4 c:/intelfpga_lite/18.1/nios2eds/bin/gnu/h-x86_64-mingw32/bin/../lib/gcc/nios2-elf/5.3.0/../../../../../H-x86_64-mingw32/nios2-elf/lib/mno-hw-mul\libsmallc.a(lib_a-impure.o)
                0x0000000008017710                _global_impure_ptr
 .sdata._impure_ptr
                0x0000000008017714        0x4 c:/intelfpga_lite/18.1/nios2eds/bin/gnu/h-x86_64-mingw32/bin/../lib/gcc/nios2-elf/5.3.0/../../../../../H-x86_64-mingw32/nios2-elf/lib/mno-hw-mul\libsmallc.a(lib_a-impure.o)
                0x0000000008017714                _impure_ptr
 .sdata         0x0000000008017718        0x8 ../mp3_player_app_bsp/\libhal_bsp.a(altera_avalon_i2c.o)
                0x0000000008017718                alt_avalon_i2c_list
 .sdata         0x0000000008017720       0x14 ../mp3_player_app_bsp/\libhal_bsp.a(alt_dev.o)
                0x0000000008017720                alt_fs_list
                0x0000000008017728                alt_dev_list
                0x0000000008017730                alt_max_fd
 .sdata         0x0000000008017734        0x4 ../mp3_player_app_bsp/\libhal_bsp.a(alt_errno.o)
                0x0000000008017734                alt_errno
 .sdata         0x0000000008017738        0x4 ../mp3_player_app_bsp/\libhal_bsp.a(alt_irq_vars.o)
                0x0000000008017738                alt_priority_mask
 .sdata         0x000000000801773c        0x8 ../mp3_player_app_bsp/\libhal_bsp.a(alt_tick.o)
                0x000000000801773c                alt_alarm_list
 *(.sdata2 .sdata2.* .gnu.linkonce.s2.*)
                0x0000000008017744                . = ALIGN (0x4)
                0x0000000008017744                _edata = ABSOLUTE (.)
                [!provide]                        PROVIDE (edata, ABSOLUTE (.))
                0x0000000008017744                PROVIDE (__ram_rwdata_end, ABSOLUTE (.))
                0x0000000008017744                PROVIDE (__flash_rwdata_start, LOADADDR (.rwdata))

.bss            0x0000000008018a98      0x120
                0x0000000008018a98                __bss_start = ABSOLUTE (.)
                [!provide]                        PROVIDE (__sbss_start, ABSOLUTE (.))
                [!provide]                        PROVIDE (___sbss_start, ABSOLUTE (.))
 *(.dynsbss)
 *(.sbss .sbss.* .gnu.linkonce.sb.*)
 .sbss          0x0000000008018a98        0x4 c:/intelfpga_lite/18.1/nios2eds/bin/gnu/h-x86_64-mingw32/bin/../lib/gcc/nios2-elf/5.3.0/../../../../../H-x86_64-mingw32/nios2-elf/lib/mno-hw-mul\libsmallc.a(lib_a-int_errno.o)
                0x0000000008018a98                errno
 .sbss          0x0000000008018a9c        0xc ../mp3_player_app_bsp/\libhal_bsp.a(alt_main.o)
                0x0000000008018a9c                alt_argc
                0x0000000008018aa0                alt_argv
                0x0000000008018aa4                alt_envp
 .sbss          0x0000000008018aa8        0x4 ../mp3_player_app_bsp/\libhal_bsp.a(alt_irq_vars.o)
                0x0000000008018aa8                alt_irq_active
 .sbss          0x0000000008018aac        0x8 ../mp3_player_app_bsp/\libhal_bsp.a(alt_tick.o)
                0x0000000008018aac                _alt_tick_rate
                0x0000000008018ab0                _alt_nticks
 .sbss          0x0000000008018ab4        0x4 ../mp3_player_app_bsp/\libhal_bsp.a(alt_instruction_exception_entry.o)
                0x0000000008018ab4                alt_instruction_exception_handler
 *(.sbss2 .sbss2.* .gnu.linkonce.sb2.*)
 *(.scommon)
                [!provide]                        PROVIDE (__sbss_end, ABSOLUTE (.))
                [!provide]                        PROVIDE (___sbss_end, ABSOLUTE (.))
 *(.dynbss)
 *(.bss .bss.* .gnu.linkonce.b.*)
 .bss           0x0000000008018ab8        0x0 ../mp3_player_app_bsp//obj/HAL/src/crt0.o
 .bss           0x0000000008018ab8        0x0 obj/default/sgtl5000/sgtl5000.o
 .bss           0x0000000008018ab8        0x0 obj/default/sgtl5000_test.o
 .bss           0x0000000008018ab8        0x0 c:/intelfpga_lite/18.1/nios2eds/bin/gnu/h-x86_64-mingw32/bin/../lib/gcc/nios2-elf/5.3.0/mno-hw-mul\libgcc.a(_fixunssfsi.o)
 .bss           0x0000000008018ab8        0x0 c:/intelfpga_lite/18.1/nios2eds/bin/gnu/h-x86_64-mingw32/bin/../lib/gcc/nios2-elf/5.3.0/mno-hw-mul\libgcc.a(lib2-divmod.o)
 .bss           0x0000000008018ab8        0x0 c:/intelfpga_lite/18.1/nios2eds/bin/gnu/h-x86_64-mingw32/bin/../lib/gcc/nios2-elf/5.3.0/mno-hw-mul\libgcc.a(gesf2.o)
 .bss           0x0000000008018ab8        0x0 c:/intelfpga_lite/18.1/nios2eds/bin/gnu/h-x86_64-mingw32/bin/../lib/gcc/nios2-elf/5.3.0/mno-hw-mul\libgcc.a(mulsf3.o)
 .bss           0x0000000008018ab8        0x0 c:/intelfpga_lite/18.1/nios2eds/bin/gnu/h-x86_64-mingw32/bin/../lib/gcc/nios2-elf/5.3.0/mno-hw-mul\libgcc.a(subsf3.o)
 .bss           0x0000000008018ab8        0x0 c:/intelfpga_lite/18.1/nios2eds/bin/gnu/h-x86_64-mingw32/bin/../lib/gcc/nios2-elf/5.3.0/mno-hw-mul\libgcc.a(fixsfsi.o)
 .bss           0x0000000008018ab8        0x0 c:/intelfpga_lite/18.1/nios2eds/bin/gnu/h-x86_64-mingw32/bin/../lib/gcc/nios2-elf/5.3.0/mno-hw-mul\libgcc.a(floatunsisf.o)
 .bss           0x0000000008018ab8        0x0 c:/intelfpga_lite/18.1/nios2eds/bin/gnu/h-x86_64-mingw32/bin/../lib/gcc/nios2-elf/5.3.0/mno-hw-mul\libgcc.a(_clzsi2.o)
 .bss           0x0000000008018ab8        0x0 c:/intelfpga_lite/18.1/nios2eds/bin/gnu/h-x86_64-mingw32/bin/../lib/gcc/nios2-elf/5.3.0/mno-hw-mul\libgcc.a(lib2-mul.o)
 .bss           0x0000000008018ab8        0x0 c:/intelfpga_lite/18.1/nios2eds/bin/gnu/h-x86_64-mingw32/bin/../lib/gcc/nios2-elf/5.3.0/mno-hw-mul\libgcc.a(_clz.o)
 .bss           0x0000000008018ab8        0x0 c:/intelfpga_lite/18.1/nios2eds/bin/gnu/h-x86_64-mingw32/bin/../lib/gcc/nios2-elf/5.3.0/../../../../../H-x86_64-mingw32/nios2-elf/lib/mno-hw-mul\libsmallc.a(lib_a-printf.o)
 .bss           0x0000000008018ab8        0x0 c:/intelfpga_lite/18.1/nios2eds/bin/gnu/h-x86_64-mingw32/bin/../lib/gcc/nios2-elf/5.3.0/../../../../../H-x86_64-mingw32/nios2-elf/lib/mno-hw-mul\libsmallc.a(lib_a-puts.o)
 .bss           0x0000000008018ab8        0x0 c:/intelfpga_lite/18.1/nios2eds/bin/gnu/h-x86_64-mingw32/bin/../lib/gcc/nios2-elf/5.3.0/../../../../../H-x86_64-mingw32/nios2-elf/lib/mno-hw-mul\libsmallc.a(lib_a-strlen.o)
 .bss           0x0000000008018ab8        0x0 c:/intelfpga_lite/18.1/nios2eds/bin/gnu/h-x86_64-mingw32/bin/../lib/gcc/nios2-elf/5.3.0/../../../../../H-x86_64-mingw32/nios2-elf/lib/mno-hw-mul\libsmallc.a(lib_a-vfprintf.o)
 .bss           0x0000000008018ab8        0x0 c:/intelfpga_lite/18.1/nios2eds/bin/gnu/h-x86_64-mingw32/bin/../lib/gcc/nios2-elf/5.3.0/../../../../../H-x86_64-mingw32/nios2-elf/lib/mno-hw-mul\libsmallc.a(lib_a-fvwrite_small_dev.o)
 .bss           0x0000000008018ab8        0x0 c:/intelfpga_lite/18.1/nios2eds/bin/gnu/h-x86_64-mingw32/bin/../lib/gcc/nios2-elf/5.3.0/../../../../../H-x86_64-mingw32/nios2-elf/lib/mno-hw-mul\libsmallc.a(lib_a-impure.o)
 .bss           0x0000000008018ab8        0x0 c:/intelfpga_lite/18.1/nios2eds/bin/gnu/h-x86_64-mingw32/bin/../lib/gcc/nios2-elf/5.3.0/../../../../../H-x86_64-mingw32/nios2-elf/lib/mno-hw-mul\libsmallc.a(lib_a-writer.o)
 .bss           0x0000000008018ab8        0x0 c:/intelfpga_lite/18.1/nios2eds/bin/gnu/h-x86_64-mingw32/bin/../lib/gcc/nios2-elf/5.3.0/../../../../../H-x86_64-mingw32/nios2-elf/lib/mno-hw-mul\libsmallc.a(lib_a-int_errno.o)
 .bss           0x0000000008018ab8        0x0 ../mp3_player_app_bsp/\libhal_bsp.a(alt_load.o)
 .bss           0x0000000008018ab8        0x0 ../mp3_player_app_bsp/\libhal_bsp.a(alt_main.o)
 .bss           0x0000000008018ab8        0x0 ../mp3_player_app_bsp/\libhal_bsp.a(alt_write.o)
 .bss           0x0000000008018ab8        0x0 ../mp3_player_app_bsp/\libhal_bsp.a(alt_sys_init.o)
 .bss           0x0000000008018ab8        0x0 ../mp3_player_app_bsp/\libhal_bsp.a(altera_avalon_i2c.o)
 .bss           0x0000000008018ab8        0x0 ../mp3_player_app_bsp/\libhal_bsp.a(altera_avalon_jtag_uart_fd.o)
 .bss           0x0000000008018ab8        0x0 ../mp3_player_app_bsp/\libhal_bsp.a(altera_avalon_jtag_uart_init.o)
 .bss           0x0000000008018ab8        0x0 ../mp3_player_app_bsp/\libhal_bsp.a(altera_avalon_jtag_uart_ioctl.o)
 .bss           0x0000000008018ab8        0x0 ../mp3_player_app_bsp/\libhal_bsp.a(altera_avalon_jtag_uart_read.o)
 .bss           0x0000000008018ab8        0x0 ../mp3_player_app_bsp/\libhal_bsp.a(altera_avalon_jtag_uart_write.o)
 .bss           0x0000000008018ab8        0x0 ../mp3_player_app_bsp/\libhal_bsp.a(alt_alarm_start.o)
 .bss           0x0000000008018ab8        0x0 ../mp3_player_app_bsp/\libhal_bsp.a(alt_busy_sleep.o)
 .bss           0x0000000008018ab8        0x0 ../mp3_player_app_bsp/\libhal_bsp.a(alt_close.o)
 .bss           0x0000000008018ab8        0x0 ../mp3_player_app_bsp/\libhal_bsp.a(alt_dcache_flush_all.o)
 .bss           0x0000000008018ab8        0x0 ../mp3_player_app_bsp/\libhal_bsp.a(alt_dev.o)
 .bss           0x0000000008018ab8        0x0 ../mp3_player_app_bsp/\libhal_bsp.a(alt_dev_llist_insert.o)
 .bss           0x0000000008018ab8        0x0 ../mp3_player_app_bsp/\libhal_bsp.a(alt_do_ctors.o)
 .bss           0x0000000008018ab8        0x0 ../mp3_player_app_bsp/\libhal_bsp.a(alt_do_dtors.o)
 .bss           0x0000000008018ab8        0x0 ../mp3_player_app_bsp/\libhal_bsp.a(alt_errno.o)
 .bss           0x0000000008018ab8        0x0 ../mp3_player_app_bsp/\libhal_bsp.a(alt_find_dev.o)
 .bss           0x0000000008018ab8        0x0 ../mp3_player_app_bsp/\libhal_bsp.a(alt_icache_flush_all.o)
 .bss           0x0000000008018ab8        0x0 ../mp3_player_app_bsp/\libhal_bsp.a(alt_iic.o)
 .bss           0x0000000008018ab8        0x0 ../mp3_player_app_bsp/\libhal_bsp.a(alt_iic_isr_register.o)
 .bss           0x0000000008018ab8        0x0 ../mp3_player_app_bsp/\libhal_bsp.a(alt_io_redirect.o)
 .bss           0x0000000008018ab8        0x0 ../mp3_player_app_bsp/\libhal_bsp.a(alt_irq_entry.o)
 .bss           0x0000000008018ab8        0x0 ../mp3_player_app_bsp/\libhal_bsp.a(alt_irq_handler.o)
 .bss           0x0000000008018ab8        0x0 ../mp3_player_app_bsp/\libhal_bsp.a(alt_irq_vars.o)
 .bss           0x0000000008018ab8        0x0 ../mp3_player_app_bsp/\libhal_bsp.a(alt_open.o)
 .bss           0x0000000008018ab8        0x0 ../mp3_player_app_bsp/\libhal_bsp.a(alt_printf.o)
 .bss           0x0000000008018ab8        0x0 ../mp3_player_app_bsp/\libhal_bsp.a(alt_putchar.o)
 .bss           0x0000000008018ab8        0x0 ../mp3_player_app_bsp/\libhal_bsp.a(alt_release_fd.o)
 .bss           0x0000000008018ab8        0x0 ../mp3_player_app_bsp/\libhal_bsp.a(alt_tick.o)
 .bss           0x0000000008018ab8        0x0 ../mp3_player_app_bsp/\libhal_bsp.a(altera_nios2_gen2_irq.o)
 .bss           0x0000000008018ab8        0x0 ../mp3_player_app_bsp/\libhal_bsp.a(alt_exception_entry.o)
 .bss           0x0000000008018ab8        0x0 ../mp3_player_app_bsp/\libhal_bsp.a(alt_find_file.o)
 .bss           0x0000000008018ab8        0x0 ../mp3_player_app_bsp/\libhal_bsp.a(alt_get_fd.o)
 .bss           0x0000000008018ab8        0x0 ../mp3_player_app_bsp/\libhal_bsp.a(alt_instruction_exception_entry.o)
 .bss           0x0000000008018ab8        0x0 c:/intelfpga_lite/18.1/nios2eds/bin/gnu/h-x86_64-mingw32/bin/../lib/gcc/nios2-elf/5.3.0/../../../../../H-x86_64-mingw32/nios2-elf/lib/mno-hw-mul\libsmallc.a(lib_a-atexit.o)
 .bss           0x0000000008018ab8        0x0 c:/intelfpga_lite/18.1/nios2eds/bin/gnu/h-x86_64-mingw32/bin/../lib/gcc/nios2-elf/5.3.0/../../../../../H-x86_64-mingw32/nios2-elf/lib/mno-hw-mul\libsmallc.a(lib_a-exit.o)
 .bss           0x0000000008018ab8        0x0 c:/intelfpga_lite/18.1/nios2eds/bin/gnu/h-x86_64-mingw32/bin/../lib/gcc/nios2-elf/5.3.0/../../../../../H-x86_64-mingw32/nios2-elf/lib/mno-hw-mul\libsmallc.a(lib_a-memcmp.o)
 .bss           0x0000000008018ab8        0x0 c:/intelfpga_lite/18.1/nios2eds/bin/gnu/h-x86_64-mingw32/bin/../lib/gcc/nios2-elf/5.3.0/../../../../../H-x86_64-mingw32/nios2-elf/lib/mno-hw-mul\libsmallc.a(lib_a-memcpy.o)
 .bss           0x0000000008018ab8        0x0 c:/intelfpga_lite/18.1/nios2eds/bin/gnu/h-x86_64-mingw32/bin/../lib/gcc/nios2-elf/5.3.0/../../../../../H-x86_64-mingw32/nios2-elf/lib/mno-hw-mul\libsmallc.a(lib_a-putc.o)
 .bss           0x0000000008018ab8        0x0 c:/intelfpga_lite/18.1/nios2eds/bin/gnu/h-x86_64-mingw32/bin/../lib/gcc/nios2-elf/5.3.0/../../../../../H-x86_64-mingw32/nios2-elf/lib/mno-hw-mul\libsmallc.a(lib_a-__atexit.o)
 .bss           0x0000000008018ab8        0x0 c:/intelfpga_lite/18.1/nios2eds/bin/gnu/h-x86_64-mingw32/bin/../lib/gcc/nios2-elf/5.3.0/../../../../../H-x86_64-mingw32/nios2-elf/lib/mno-hw-mul\libsmallc.a(lib_a-__call_atexit.o)
 .bss           0x0000000008018ab8        0x0 ../mp3_player_app_bsp/\libhal_bsp.a(alt_exit.o)
 *(COMMON)
 COMMON         0x0000000008018ab8      0x100 ../mp3_player_app_bsp/\libhal_bsp.a(alt_irq_handler.o)
                0x0000000008018ab8                alt_irq
                0x0000000008018bb8                . = ALIGN (0x4)
                0x0000000008018bb8                __bss_end = ABSOLUTE (.)

.sdram          0x0000000004000000        0x0 load address 0x0000000008018bb8
                [!provide]                        PROVIDE (_alt_partition_sdram_start, ABSOLUTE (.))
 *(.sdram .sdram. sdram.*)
                0x0000000004000000                . = ALIGN (0x4)
                [!provide]                        PROVIDE (_alt_partition_sdram_end, ABSOLUTE (.))
                [!provide]                        PROVIDE (_alt_partition_sdram_load_addr, LOADADDR (.sdram))

.onchip_memory2_0
                0x0000000008018bb8        0x0
                [!provide]                        PROVIDE (_alt_partition_onchip_memory2_0_start, ABSOLUTE (.))
 *(.onchip_memory2_0 .onchip_memory2_0. onchip_memory2_0.*)
                0x0000000008018bb8                . = ALIGN (0x4)
                [!provide]                        PROVIDE (_alt_partition_onchip_memory2_0_end, ABSOLUTE (.))
                0x0000000008018bb8                _end = ABSOLUTE (.)
                0x0000000008018bb8                end = ABSOLUTE (.)
                0x0000000008018bb8                __alt_stack_base = ABSOLUTE (.)
                [!provide]                        PROVIDE (_alt_partition_onchip_memory2_0_load_addr, LOADADDR (.onchip_memory2_0))

.stab
 *(.stab)

.stabstr
 *(.stabstr)

.stab.excl
 *(.stab.excl)

.stab.exclstr
 *(.stab.exclstr)

.stab.index
 *(.stab.index)

.stab.indexstr
 *(.stab.indexstr)

.comment        0x0000000000000000       0x23
 *(.comment)
 .comment       0x0000000000000000       0x23 obj/default/sgtl5000/sgtl5000.o
                                         0x24 (size before relaxing)
 .comment       0x0000000000000023       0x24 obj/default/sgtl5000_test.o
 .comment       0x0000000000000023       0x24 c:/intelfpga_lite/18.1/nios2eds/bin/gnu/h-x86_64-mingw32/bin/../lib/gcc/nios2-elf/5.3.0/mno-hw-mul\libgcc.a(_fixunssfsi.o)
 .comment       0x0000000000000023       0x24 c:/intelfpga_lite/18.1/nios2eds/bin/gnu/h-x86_64-mingw32/bin/../lib/gcc/nios2-elf/5.3.0/mno-hw-mul\libgcc.a(lib2-divmod.o)
 .comment       0x0000000000000023       0x24 c:/intelfpga_lite/18.1/nios2eds/bin/gnu/h-x86_64-mingw32/bin/../lib/gcc/nios2-elf/5.3.0/mno-hw-mul\libgcc.a(gesf2.o)
 .comment       0x0000000000000023       0x24 c:/intelfpga_lite/18.1/nios2eds/bin/gnu/h-x86_64-mingw32/bin/../lib/gcc/nios2-elf/5.3.0/mno-hw-mul\libgcc.a(mulsf3.o)
 .comment       0x0000000000000023       0x24 c:/intelfpga_lite/18.1/nios2eds/bin/gnu/h-x86_64-mingw32/bin/../lib/gcc/nios2-elf/5.3.0/mno-hw-mul\libgcc.a(subsf3.o)
 .comment       0x0000000000000023       0x24 c:/intelfpga_lite/18.1/nios2eds/bin/gnu/h-x86_64-mingw32/bin/../lib/gcc/nios2-elf/5.3.0/mno-hw-mul\libgcc.a(fixsfsi.o)
 .comment       0x0000000000000023       0x24 c:/intelfpga_lite/18.1/nios2eds/bin/gnu/h-x86_64-mingw32/bin/../lib/gcc/nios2-elf/5.3.0/mno-hw-mul\libgcc.a(floatunsisf.o)
 .comment       0x0000000000000023       0x24 c:/intelfpga_lite/18.1/nios2eds/bin/gnu/h-x86_64-mingw32/bin/../lib/gcc/nios2-elf/5.3.0/mno-hw-mul\libgcc.a(_clzsi2.o)
 .comment       0x0000000000000023       0x24 c:/intelfpga_lite/18.1/nios2eds/bin/gnu/h-x86_64-mingw32/bin/../lib/gcc/nios2-elf/5.3.0/mno-hw-mul\libgcc.a(lib2-mul.o)
 .comment       0x0000000000000023       0x24 c:/intelfpga_lite/18.1/nios2eds/bin/gnu/h-x86_64-mingw32/bin/../lib/gcc/nios2-elf/5.3.0/mno-hw-mul\libgcc.a(_clz.o)
 .comment       0x0000000000000023       0x24 c:/intelfpga_lite/18.1/nios2eds/bin/gnu/h-x86_64-mingw32/bin/../lib/gcc/nios2-elf/5.3.0/../../../../../H-x86_64-mingw32/nios2-elf/lib/mno-hw-mul\libsmallc.a(lib_a-printf.o)
 .comment       0x0000000000000023       0x24 c:/intelfpga_lite/18.1/nios2eds/bin/gnu/h-x86_64-mingw32/bin/../lib/gcc/nios2-elf/5.3.0/../../../../../H-x86_64-mingw32/nios2-elf/lib/mno-hw-mul\libsmallc.a(lib_a-puts.o)
 .comment       0x0000000000000023       0x24 c:/intelfpga_lite/18.1/nios2eds/bin/gnu/h-x86_64-mingw32/bin/../lib/gcc/nios2-elf/5.3.0/../../../../../H-x86_64-mingw32/nios2-elf/lib/mno-hw-mul\libsmallc.a(lib_a-strlen.o)
 .comment       0x0000000000000023       0x24 c:/intelfpga_lite/18.1/nios2eds/bin/gnu/h-x86_64-mingw32/bin/../lib/gcc/nios2-elf/5.3.0/../../../../../H-x86_64-mingw32/nios2-elf/lib/mno-hw-mul\libsmallc.a(lib_a-vfprintf.o)
 .comment       0x0000000000000023       0x24 c:/intelfpga_lite/18.1/nios2eds/bin/gnu/h-x86_64-mingw32/bin/../lib/gcc/nios2-elf/5.3.0/../../../../../H-x86_64-mingw32/nios2-elf/lib/mno-hw-mul\libsmallc.a(lib_a-fvwrite_small_dev.o)
 .comment       0x0000000000000023       0x24 c:/intelfpga_lite/18.1/nios2eds/bin/gnu/h-x86_64-mingw32/bin/../lib/gcc/nios2-elf/5.3.0/../../../../../H-x86_64-mingw32/nios2-elf/lib/mno-hw-mul\libsmallc.a(lib_a-impure.o)
 .comment       0x0000000000000023       0x24 c:/intelfpga_lite/18.1/nios2eds/bin/gnu/h-x86_64-mingw32/bin/../lib/gcc/nios2-elf/5.3.0/../../../../../H-x86_64-mingw32/nios2-elf/lib/mno-hw-mul\libsmallc.a(lib_a-writer.o)
 .comment       0x0000000000000023       0x24 c:/intelfpga_lite/18.1/nios2eds/bin/gnu/h-x86_64-mingw32/bin/../lib/gcc/nios2-elf/5.3.0/../../../../../H-x86_64-mingw32/nios2-elf/lib/mno-hw-mul\libsmallc.a(lib_a-int_errno.o)
 .comment       0x0000000000000023       0x24 ../mp3_player_app_bsp/\libhal_bsp.a(alt_load.o)
 .comment       0x0000000000000023       0x24 ../mp3_player_app_bsp/\libhal_bsp.a(alt_main.o)
 .comment       0x0000000000000023       0x24 ../mp3_player_app_bsp/\libhal_bsp.a(alt_write.o)
 .comment       0x0000000000000023       0x24 ../mp3_player_app_bsp/\libhal_bsp.a(alt_sys_init.o)
 .comment       0x0000000000000023       0x24 ../mp3_player_app_bsp/\libhal_bsp.a(altera_avalon_i2c.o)
 .comment       0x0000000000000023       0x24 ../mp3_player_app_bsp/\libhal_bsp.a(altera_avalon_jtag_uart_fd.o)
 .comment       0x0000000000000023       0x24 ../mp3_player_app_bsp/\libhal_bsp.a(altera_avalon_jtag_uart_init.o)
 .comment       0x0000000000000023       0x24 ../mp3_player_app_bsp/\libhal_bsp.a(altera_avalon_jtag_uart_ioctl.o)
 .comment       0x0000000000000023       0x24 ../mp3_player_app_bsp/\libhal_bsp.a(altera_avalon_jtag_uart_read.o)
 .comment       0x0000000000000023       0x24 ../mp3_player_app_bsp/\libhal_bsp.a(altera_avalon_jtag_uart_write.o)
 .comment       0x0000000000000023       0x24 ../mp3_player_app_bsp/\libhal_bsp.a(alt_alarm_start.o)
 .comment       0x0000000000000023       0x24 ../mp3_player_app_bsp/\libhal_bsp.a(alt_busy_sleep.o)
 .comment       0x0000000000000023       0x24 ../mp3_player_app_bsp/\libhal_bsp.a(alt_close.o)
 .comment       0x0000000000000023       0x24 ../mp3_player_app_bsp/\libhal_bsp.a(alt_dcache_flush_all.o)
 .comment       0x0000000000000023       0x24 ../mp3_player_app_bsp/\libhal_bsp.a(alt_dev.o)
 .comment       0x0000000000000023       0x24 ../mp3_player_app_bsp/\libhal_bsp.a(alt_dev_llist_insert.o)
 .comment       0x0000000000000023       0x24 ../mp3_player_app_bsp/\libhal_bsp.a(alt_do_ctors.o)
 .comment       0x0000000000000023       0x24 ../mp3_player_app_bsp/\libhal_bsp.a(alt_do_dtors.o)
 .comment       0x0000000000000023       0x24 ../mp3_player_app_bsp/\libhal_bsp.a(alt_errno.o)
 .comment       0x0000000000000023       0x24 ../mp3_player_app_bsp/\libhal_bsp.a(alt_find_dev.o)
 .comment       0x0000000000000023       0x24 ../mp3_player_app_bsp/\libhal_bsp.a(alt_icache_flush_all.o)
 .comment       0x0000000000000023       0x24 ../mp3_player_app_bsp/\libhal_bsp.a(alt_iic.o)
 .comment       0x0000000000000023       0x24 ../mp3_player_app_bsp/\libhal_bsp.a(alt_iic_isr_register.o)
 .comment       0x0000000000000023       0x24 ../mp3_player_app_bsp/\libhal_bsp.a(alt_io_redirect.o)
 .comment       0x0000000000000023       0x24 ../mp3_player_app_bsp/\libhal_bsp.a(alt_irq_handler.o)
 .comment       0x0000000000000023       0x24 ../mp3_player_app_bsp/\libhal_bsp.a(alt_irq_vars.o)
 .comment       0x0000000000000023       0x24 ../mp3_player_app_bsp/\libhal_bsp.a(alt_open.o)
 .comment       0x0000000000000023       0x24 ../mp3_player_app_bsp/\libhal_bsp.a(alt_printf.o)
 .comment       0x0000000000000023       0x24 ../mp3_player_app_bsp/\libhal_bsp.a(alt_putchar.o)
 .comment       0x0000000000000023       0x24 ../mp3_player_app_bsp/\libhal_bsp.a(alt_release_fd.o)
 .comment       0x0000000000000023       0x24 ../mp3_player_app_bsp/\libhal_bsp.a(alt_tick.o)
 .comment       0x0000000000000023       0x24 ../mp3_player_app_bsp/\libhal_bsp.a(altera_nios2_gen2_irq.o)
 .comment       0x0000000000000023       0x24 ../mp3_player_app_bsp/\libhal_bsp.a(alt_find_file.o)
 .comment       0x0000000000000023       0x24 ../mp3_player_app_bsp/\libhal_bsp.a(alt_get_fd.o)
 .comment       0x0000000000000023       0x24 ../mp3_player_app_bsp/\libhal_bsp.a(alt_instruction_exception_entry.o)
 .comment       0x0000000000000023       0x24 c:/intelfpga_lite/18.1/nios2eds/bin/gnu/h-x86_64-mingw32/bin/../lib/gcc/nios2-elf/5.3.0/../../../../../H-x86_64-mingw32/nios2-elf/lib/mno-hw-mul\libsmallc.a(lib_a-atexit.o)
 .comment       0x0000000000000023       0x24 c:/intelfpga_lite/18.1/nios2eds/bin/gnu/h-x86_64-mingw32/bin/../lib/gcc/nios2-elf/5.3.0/../../../../../H-x86_64-mingw32/nios2-elf/lib/mno-hw-mul\libsmallc.a(lib_a-exit.o)
 .comment       0x0000000000000023       0x24 c:/intelfpga_lite/18.1/nios2eds/bin/gnu/h-x86_64-mingw32/bin/../lib/gcc/nios2-elf/5.3.0/../../../../../H-x86_64-mingw32/nios2-elf/lib/mno-hw-mul\libsmallc.a(lib_a-memcmp.o)
 .comment       0x0000000000000023       0x24 c:/intelfpga_lite/18.1/nios2eds/bin/gnu/h-x86_64-mingw32/bin/../lib/gcc/nios2-elf/5.3.0/../../../../../H-x86_64-mingw32/nios2-elf/lib/mno-hw-mul\libsmallc.a(lib_a-memcpy.o)
 .comment       0x0000000000000023       0x24 c:/intelfpga_lite/18.1/nios2eds/bin/gnu/h-x86_64-mingw32/bin/../lib/gcc/nios2-elf/5.3.0/../../../../../H-x86_64-mingw32/nios2-elf/lib/mno-hw-mul\libsmallc.a(lib_a-putc.o)
 .comment       0x0000000000000023       0x24 c:/intelfpga_lite/18.1/nios2eds/bin/gnu/h-x86_64-mingw32/bin/../lib/gcc/nios2-elf/5.3.0/../../../../../H-x86_64-mingw32/nios2-elf/lib/mno-hw-mul\libsmallc.a(lib_a-__atexit.o)
 .comment       0x0000000000000023       0x24 c:/intelfpga_lite/18.1/nios2eds/bin/gnu/h-x86_64-mingw32/bin/../lib/gcc/nios2-elf/5.3.0/../../../../../H-x86_64-mingw32/nios2-elf/lib/mno-hw-mul\libsmallc.a(lib_a-__call_atexit.o)
 .comment       0x0000000000000023       0x24 ../mp3_player_app_bsp/\libhal_bsp.a(alt_exit.o)

.debug
 *(.debug)

.line
 *(.line)

.debug_srcinfo
 *(.debug_srcinfo)

.debug_sfnames
 *(.debug_sfnames)

.debug_aranges  0x0000000000000000      0x878
 *(.debug_aranges)
 .debug_aranges
                0x0000000000000000       0x28 ../mp3_player_app_bsp//obj/HAL/src/crt0.o
 .debug_aranges
                0x0000000000000028       0x20 obj/default/sgtl5000/sgtl5000.o
 .debug_aranges
                0x0000000000000048       0x20 obj/default/sgtl5000_test.o
 .debug_aranges
                0x0000000000000068       0x20 c:/intelfpga_lite/18.1/nios2eds/bin/gnu/h-x86_64-mingw32/bin/../lib/gcc/nios2-elf/5.3.0/mno-hw-mul\libgcc.a(_fixunssfsi.o)
 .debug_aranges
                0x0000000000000088       0x20 c:/intelfpga_lite/18.1/nios2eds/bin/gnu/h-x86_64-mingw32/bin/../lib/gcc/nios2-elf/5.3.0/mno-hw-mul\libgcc.a(lib2-divmod.o)
 .debug_aranges
                0x00000000000000a8       0x20 c:/intelfpga_lite/18.1/nios2eds/bin/gnu/h-x86_64-mingw32/bin/../lib/gcc/nios2-elf/5.3.0/mno-hw-mul\libgcc.a(gesf2.o)
 .debug_aranges
                0x00000000000000c8       0x20 c:/intelfpga_lite/18.1/nios2eds/bin/gnu/h-x86_64-mingw32/bin/../lib/gcc/nios2-elf/5.3.0/mno-hw-mul\libgcc.a(mulsf3.o)
 .debug_aranges
                0x00000000000000e8       0x20 c:/intelfpga_lite/18.1/nios2eds/bin/gnu/h-x86_64-mingw32/bin/../lib/gcc/nios2-elf/5.3.0/mno-hw-mul\libgcc.a(subsf3.o)
 .debug_aranges
                0x0000000000000108       0x20 c:/intelfpga_lite/18.1/nios2eds/bin/gnu/h-x86_64-mingw32/bin/../lib/gcc/nios2-elf/5.3.0/mno-hw-mul\libgcc.a(fixsfsi.o)
 .debug_aranges
                0x0000000000000128       0x20 c:/intelfpga_lite/18.1/nios2eds/bin/gnu/h-x86_64-mingw32/bin/../lib/gcc/nios2-elf/5.3.0/mno-hw-mul\libgcc.a(floatunsisf.o)
 .debug_aranges
                0x0000000000000148       0x20 c:/intelfpga_lite/18.1/nios2eds/bin/gnu/h-x86_64-mingw32/bin/../lib/gcc/nios2-elf/5.3.0/mno-hw-mul\libgcc.a(_clzsi2.o)
 .debug_aranges
                0x0000000000000168       0x20 c:/intelfpga_lite/18.1/nios2eds/bin/gnu/h-x86_64-mingw32/bin/../lib/gcc/nios2-elf/5.3.0/mno-hw-mul\libgcc.a(lib2-mul.o)
 .debug_aranges
                0x0000000000000188       0x18 c:/intelfpga_lite/18.1/nios2eds/bin/gnu/h-x86_64-mingw32/bin/../lib/gcc/nios2-elf/5.3.0/mno-hw-mul\libgcc.a(_clz.o)
 .debug_aranges
                0x00000000000001a0       0x28 c:/intelfpga_lite/18.1/nios2eds/bin/gnu/h-x86_64-mingw32/bin/../lib/gcc/nios2-elf/5.3.0/../../../../../H-x86_64-mingw32/nios2-elf/lib/mno-hw-mul\libsmallc.a(lib_a-printf.o)
 .debug_aranges
                0x00000000000001c8       0x28 c:/intelfpga_lite/18.1/nios2eds/bin/gnu/h-x86_64-mingw32/bin/../lib/gcc/nios2-elf/5.3.0/../../../../../H-x86_64-mingw32/nios2-elf/lib/mno-hw-mul\libsmallc.a(lib_a-puts.o)
 .debug_aranges
                0x00000000000001f0       0x20 c:/intelfpga_lite/18.1/nios2eds/bin/gnu/h-x86_64-mingw32/bin/../lib/gcc/nios2-elf/5.3.0/../../../../../H-x86_64-mingw32/nios2-elf/lib/mno-hw-mul\libsmallc.a(lib_a-strlen.o)
 .debug_aranges
                0x0000000000000210       0x30 c:/intelfpga_lite/18.1/nios2eds/bin/gnu/h-x86_64-mingw32/bin/../lib/gcc/nios2-elf/5.3.0/../../../../../H-x86_64-mingw32/nios2-elf/lib/mno-hw-mul\libsmallc.a(lib_a-vfprintf.o)
 .debug_aranges
                0x0000000000000240       0x20 c:/intelfpga_lite/18.1/nios2eds/bin/gnu/h-x86_64-mingw32/bin/../lib/gcc/nios2-elf/5.3.0/../../../../../H-x86_64-mingw32/nios2-elf/lib/mno-hw-mul\libsmallc.a(lib_a-fvwrite_small_dev.o)
 .debug_aranges
                0x0000000000000260       0x18 c:/intelfpga_lite/18.1/nios2eds/bin/gnu/h-x86_64-mingw32/bin/../lib/gcc/nios2-elf/5.3.0/../../../../../H-x86_64-mingw32/nios2-elf/lib/mno-hw-mul\libsmallc.a(lib_a-impure.o)
 .debug_aranges
                0x0000000000000278       0x20 c:/intelfpga_lite/18.1/nios2eds/bin/gnu/h-x86_64-mingw32/bin/../lib/gcc/nios2-elf/5.3.0/../../../../../H-x86_64-mingw32/nios2-elf/lib/mno-hw-mul\libsmallc.a(lib_a-writer.o)
 .debug_aranges
                0x0000000000000298       0x18 c:/intelfpga_lite/18.1/nios2eds/bin/gnu/h-x86_64-mingw32/bin/../lib/gcc/nios2-elf/5.3.0/../../../../../H-x86_64-mingw32/nios2-elf/lib/mno-hw-mul\libsmallc.a(lib_a-int_errno.o)
 .debug_aranges
                0x00000000000002b0       0x20 ../mp3_player_app_bsp/\libhal_bsp.a(alt_load.o)
 .debug_aranges
                0x00000000000002d0       0x20 ../mp3_player_app_bsp/\libhal_bsp.a(alt_main.o)
 .debug_aranges
                0x00000000000002f0       0x20 ../mp3_player_app_bsp/\libhal_bsp.a(alt_write.o)
 .debug_aranges
                0x0000000000000310       0x20 ../mp3_player_app_bsp/\libhal_bsp.a(alt_sys_init.o)
 .debug_aranges
                0x0000000000000330       0x20 ../mp3_player_app_bsp/\libhal_bsp.a(altera_avalon_i2c.o)
 .debug_aranges
                0x0000000000000350       0x20 ../mp3_player_app_bsp/\libhal_bsp.a(altera_avalon_jtag_uart_fd.o)
 .debug_aranges
                0x0000000000000370       0x20 ../mp3_player_app_bsp/\libhal_bsp.a(altera_avalon_jtag_uart_init.o)
 .debug_aranges
                0x0000000000000390       0x20 ../mp3_player_app_bsp/\libhal_bsp.a(altera_avalon_jtag_uart_ioctl.o)
 .debug_aranges
                0x00000000000003b0       0x20 ../mp3_player_app_bsp/\libhal_bsp.a(altera_avalon_jtag_uart_read.o)
 .debug_aranges
                0x00000000000003d0       0x20 ../mp3_player_app_bsp/\libhal_bsp.a(altera_avalon_jtag_uart_write.o)
 .debug_aranges
                0x00000000000003f0       0x20 ../mp3_player_app_bsp/\libhal_bsp.a(alt_alarm_start.o)
 .debug_aranges
                0x0000000000000410       0x20 ../mp3_player_app_bsp/\libhal_bsp.a(alt_busy_sleep.o)
 .debug_aranges
                0x0000000000000430       0x20 ../mp3_player_app_bsp/\libhal_bsp.a(alt_close.o)
 .debug_aranges
                0x0000000000000450       0x20 ../mp3_player_app_bsp/\libhal_bsp.a(alt_dcache_flush_all.o)
 .debug_aranges
                0x0000000000000470       0x20 ../mp3_player_app_bsp/\libhal_bsp.a(alt_dev.o)
 .debug_aranges
                0x0000000000000490       0x20 ../mp3_player_app_bsp/\libhal_bsp.a(alt_dev_llist_insert.o)
 .debug_aranges
                0x00000000000004b0       0x20 ../mp3_player_app_bsp/\libhal_bsp.a(alt_do_ctors.o)
 .debug_aranges
                0x00000000000004d0       0x20 ../mp3_player_app_bsp/\libhal_bsp.a(alt_do_dtors.o)
 .debug_aranges
                0x00000000000004f0       0x18 ../mp3_player_app_bsp/\libhal_bsp.a(alt_errno.o)
 .debug_aranges
                0x0000000000000508       0x20 ../mp3_player_app_bsp/\libhal_bsp.a(alt_find_dev.o)
 .debug_aranges
                0x0000000000000528       0x20 ../mp3_player_app_bsp/\libhal_bsp.a(alt_icache_flush_all.o)
 .debug_aranges
                0x0000000000000548       0x20 ../mp3_player_app_bsp/\libhal_bsp.a(alt_iic.o)
 .debug_aranges
                0x0000000000000568       0x20 ../mp3_player_app_bsp/\libhal_bsp.a(alt_iic_isr_register.o)
 .debug_aranges
                0x0000000000000588       0x20 ../mp3_player_app_bsp/\libhal_bsp.a(alt_io_redirect.o)
 .debug_aranges
                0x00000000000005a8       0x30 ../mp3_player_app_bsp/\libhal_bsp.a(alt_irq_entry.o)
 .debug_aranges
                0x00000000000005d8       0x20 ../mp3_player_app_bsp/\libhal_bsp.a(alt_irq_handler.o)
 .debug_aranges
                0x00000000000005f8       0x18 ../mp3_player_app_bsp/\libhal_bsp.a(alt_irq_vars.o)
 .debug_aranges
                0x0000000000000610       0x20 ../mp3_player_app_bsp/\libhal_bsp.a(alt_open.o)
 .debug_aranges
                0x0000000000000630       0x20 ../mp3_player_app_bsp/\libhal_bsp.a(alt_printf.o)
 .debug_aranges
                0x0000000000000650       0x20 ../mp3_player_app_bsp/\libhal_bsp.a(alt_putchar.o)
 .debug_aranges
                0x0000000000000670       0x20 ../mp3_player_app_bsp/\libhal_bsp.a(alt_release_fd.o)
 .debug_aranges
                0x0000000000000690       0x20 ../mp3_player_app_bsp/\libhal_bsp.a(alt_tick.o)
 .debug_aranges
                0x00000000000006b0       0x20 ../mp3_player_app_bsp/\libhal_bsp.a(altera_nios2_gen2_irq.o)
 .debug_aranges
                0x00000000000006d0       0x38 ../mp3_player_app_bsp/\libhal_bsp.a(alt_exception_entry.o)
 .debug_aranges
                0x0000000000000708       0x20 ../mp3_player_app_bsp/\libhal_bsp.a(alt_find_file.o)
 .debug_aranges
                0x0000000000000728       0x20 ../mp3_player_app_bsp/\libhal_bsp.a(alt_get_fd.o)
 .debug_aranges
                0x0000000000000748       0x28 ../mp3_player_app_bsp/\libhal_bsp.a(alt_instruction_exception_entry.o)
 .debug_aranges
                0x0000000000000770       0x20 c:/intelfpga_lite/18.1/nios2eds/bin/gnu/h-x86_64-mingw32/bin/../lib/gcc/nios2-elf/5.3.0/../../../../../H-x86_64-mingw32/nios2-elf/lib/mno-hw-mul\libsmallc.a(lib_a-atexit.o)
 .debug_aranges
                0x0000000000000790       0x20 c:/intelfpga_lite/18.1/nios2eds/bin/gnu/h-x86_64-mingw32/bin/../lib/gcc/nios2-elf/5.3.0/../../../../../H-x86_64-mingw32/nios2-elf/lib/mno-hw-mul\libsmallc.a(lib_a-exit.o)
 .debug_aranges
                0x00000000000007b0       0x20 c:/intelfpga_lite/18.1/nios2eds/bin/gnu/h-x86_64-mingw32/bin/../lib/gcc/nios2-elf/5.3.0/../../../../../H-x86_64-mingw32/nios2-elf/lib/mno-hw-mul\libsmallc.a(lib_a-memcmp.o)
 .debug_aranges
                0x00000000000007d0       0x20 c:/intelfpga_lite/18.1/nios2eds/bin/gnu/h-x86_64-mingw32/bin/../lib/gcc/nios2-elf/5.3.0/../../../../../H-x86_64-mingw32/nios2-elf/lib/mno-hw-mul\libsmallc.a(lib_a-memcpy.o)
 .debug_aranges
                0x00000000000007f0       0x28 c:/intelfpga_lite/18.1/nios2eds/bin/gnu/h-x86_64-mingw32/bin/../lib/gcc/nios2-elf/5.3.0/../../../../../H-x86_64-mingw32/nios2-elf/lib/mno-hw-mul\libsmallc.a(lib_a-putc.o)
 .debug_aranges
                0x0000000000000818       0x20 c:/intelfpga_lite/18.1/nios2eds/bin/gnu/h-x86_64-mingw32/bin/../lib/gcc/nios2-elf/5.3.0/../../../../../H-x86_64-mingw32/nios2-elf/lib/mno-hw-mul\libsmallc.a(lib_a-__atexit.o)
 .debug_aranges
                0x0000000000000838       0x20 c:/intelfpga_lite/18.1/nios2eds/bin/gnu/h-x86_64-mingw32/bin/../lib/gcc/nios2-elf/5.3.0/../../../../../H-x86_64-mingw32/nios2-elf/lib/mno-hw-mul\libsmallc.a(lib_a-__call_atexit.o)
 .debug_aranges
                0x0000000000000858       0x20 ../mp3_player_app_bsp/\libhal_bsp.a(alt_exit.o)

.debug_pubnames
 *(.debug_pubnames)

.debug_info     0x0000000000000000     0xc5d8
 *(.debug_info .gnu.linkonce.wi.*)
 .debug_info    0x0000000000000000       0x7f ../mp3_player_app_bsp//obj/HAL/src/crt0.o
 .debug_info    0x000000000000007f      0x30d obj/default/sgtl5000/sgtl5000.o
 .debug_info    0x000000000000038c      0x300 obj/default/sgtl5000_test.o
 .debug_info    0x000000000000068c       0xc7 c:/intelfpga_lite/18.1/nios2eds/bin/gnu/h-x86_64-mingw32/bin/../lib/gcc/nios2-elf/5.3.0/mno-hw-mul\libgcc.a(_fixunssfsi.o)
 .debug_info    0x0000000000000753      0x2c6 c:/intelfpga_lite/18.1/nios2eds/bin/gnu/h-x86_64-mingw32/bin/../lib/gcc/nios2-elf/5.3.0/mno-hw-mul\libgcc.a(lib2-divmod.o)
 .debug_info    0x0000000000000a19      0x1d3 c:/intelfpga_lite/18.1/nios2eds/bin/gnu/h-x86_64-mingw32/bin/../lib/gcc/nios2-elf/5.3.0/mno-hw-mul\libgcc.a(gesf2.o)
 .debug_info    0x0000000000000bec      0x31d c:/intelfpga_lite/18.1/nios2eds/bin/gnu/h-x86_64-mingw32/bin/../lib/gcc/nios2-elf/5.3.0/mno-hw-mul\libgcc.a(mulsf3.o)
 .debug_info    0x0000000000000f09      0x2b7 c:/intelfpga_lite/18.1/nios2eds/bin/gnu/h-x86_64-mingw32/bin/../lib/gcc/nios2-elf/5.3.0/mno-hw-mul\libgcc.a(subsf3.o)
 .debug_info    0x00000000000011c0      0x18b c:/intelfpga_lite/18.1/nios2eds/bin/gnu/h-x86_64-mingw32/bin/../lib/gcc/nios2-elf/5.3.0/mno-hw-mul\libgcc.a(fixsfsi.o)
 .debug_info    0x000000000000134b      0x1bb c:/intelfpga_lite/18.1/nios2eds/bin/gnu/h-x86_64-mingw32/bin/../lib/gcc/nios2-elf/5.3.0/mno-hw-mul\libgcc.a(floatunsisf.o)
 .debug_info    0x0000000000001506      0x124 c:/intelfpga_lite/18.1/nios2eds/bin/gnu/h-x86_64-mingw32/bin/../lib/gcc/nios2-elf/5.3.0/mno-hw-mul\libgcc.a(_clzsi2.o)
 .debug_info    0x000000000000162a       0xb4 c:/intelfpga_lite/18.1/nios2eds/bin/gnu/h-x86_64-mingw32/bin/../lib/gcc/nios2-elf/5.3.0/mno-hw-mul\libgcc.a(lib2-mul.o)
 .debug_info    0x00000000000016de       0xb2 c:/intelfpga_lite/18.1/nios2eds/bin/gnu/h-x86_64-mingw32/bin/../lib/gcc/nios2-elf/5.3.0/mno-hw-mul\libgcc.a(_clz.o)
 .debug_info    0x0000000000001790      0x699 c:/intelfpga_lite/18.1/nios2eds/bin/gnu/h-x86_64-mingw32/bin/../lib/gcc/nios2-elf/5.3.0/../../../../../H-x86_64-mingw32/nios2-elf/lib/mno-hw-mul\libsmallc.a(lib_a-printf.o)
 .debug_info    0x0000000000001e29      0x66d c:/intelfpga_lite/18.1/nios2eds/bin/gnu/h-x86_64-mingw32/bin/../lib/gcc/nios2-elf/5.3.0/../../../../../H-x86_64-mingw32/nios2-elf/lib/mno-hw-mul\libsmallc.a(lib_a-puts.o)
 .debug_info    0x0000000000002496       0xc9 c:/intelfpga_lite/18.1/nios2eds/bin/gnu/h-x86_64-mingw32/bin/../lib/gcc/nios2-elf/5.3.0/../../../../../H-x86_64-mingw32/nios2-elf/lib/mno-hw-mul\libsmallc.a(lib_a-strlen.o)
 .debug_info    0x000000000000255f      0xb2b c:/intelfpga_lite/18.1/nios2eds/bin/gnu/h-x86_64-mingw32/bin/../lib/gcc/nios2-elf/5.3.0/../../../../../H-x86_64-mingw32/nios2-elf/lib/mno-hw-mul\libsmallc.a(lib_a-vfprintf.o)
 .debug_info    0x000000000000308a      0x62b c:/intelfpga_lite/18.1/nios2eds/bin/gnu/h-x86_64-mingw32/bin/../lib/gcc/nios2-elf/5.3.0/../../../../../H-x86_64-mingw32/nios2-elf/lib/mno-hw-mul\libsmallc.a(lib_a-fvwrite_small_dev.o)
 .debug_info    0x00000000000036b5      0x5a9 c:/intelfpga_lite/18.1/nios2eds/bin/gnu/h-x86_64-mingw32/bin/../lib/gcc/nios2-elf/5.3.0/../../../../../H-x86_64-mingw32/nios2-elf/lib/mno-hw-mul\libsmallc.a(lib_a-impure.o)
 .debug_info    0x0000000000003c5e      0x630 c:/intelfpga_lite/18.1/nios2eds/bin/gnu/h-x86_64-mingw32/bin/../lib/gcc/nios2-elf/5.3.0/../../../../../H-x86_64-mingw32/nios2-elf/lib/mno-hw-mul\libsmallc.a(lib_a-writer.o)
 .debug_info    0x000000000000428e       0x8a c:/intelfpga_lite/18.1/nios2eds/bin/gnu/h-x86_64-mingw32/bin/../lib/gcc/nios2-elf/5.3.0/../../../../../H-x86_64-mingw32/nios2-elf/lib/mno-hw-mul\libsmallc.a(lib_a-int_errno.o)
 .debug_info    0x0000000000004318      0x145 ../mp3_player_app_bsp/\libhal_bsp.a(alt_load.o)
 .debug_info    0x000000000000445d      0x131 ../mp3_player_app_bsp/\libhal_bsp.a(alt_main.o)
 .debug_info    0x000000000000458e      0x4b7 ../mp3_player_app_bsp/\libhal_bsp.a(alt_write.o)
 .debug_info    0x0000000000004a45      0x5d2 ../mp3_player_app_bsp/\libhal_bsp.a(alt_sys_init.o)
 .debug_info    0x0000000000005017     0x10de ../mp3_player_app_bsp/\libhal_bsp.a(altera_avalon_i2c.o)
 .debug_info    0x00000000000060f5      0x52e ../mp3_player_app_bsp/\libhal_bsp.a(altera_avalon_jtag_uart_fd.o)
 .debug_info    0x0000000000006623      0x3a0 ../mp3_player_app_bsp/\libhal_bsp.a(altera_avalon_jtag_uart_init.o)
 .debug_info    0x00000000000069c3      0x280 ../mp3_player_app_bsp/\libhal_bsp.a(altera_avalon_jtag_uart_ioctl.o)
 .debug_info    0x0000000000006c43      0x345 ../mp3_player_app_bsp/\libhal_bsp.a(altera_avalon_jtag_uart_read.o)
 .debug_info    0x0000000000006f88      0x340 ../mp3_player_app_bsp/\libhal_bsp.a(altera_avalon_jtag_uart_write.o)
 .debug_info    0x00000000000072c8      0x2cc ../mp3_player_app_bsp/\libhal_bsp.a(alt_alarm_start.o)
 .debug_info    0x0000000000007594       0xd7 ../mp3_player_app_bsp/\libhal_bsp.a(alt_busy_sleep.o)
 .debug_info    0x000000000000766b      0x321 ../mp3_player_app_bsp/\libhal_bsp.a(alt_close.o)
 .debug_info    0x000000000000798c       0x92 ../mp3_player_app_bsp/\libhal_bsp.a(alt_dcache_flush_all.o)
 .debug_info    0x0000000000007a1e      0x49c ../mp3_player_app_bsp/\libhal_bsp.a(alt_dev.o)
 .debug_info    0x0000000000007eba      0x1a9 ../mp3_player_app_bsp/\libhal_bsp.a(alt_dev_llist_insert.o)
 .debug_info    0x0000000000008063       0x83 ../mp3_player_app_bsp/\libhal_bsp.a(alt_do_ctors.o)
 .debug_info    0x00000000000080e6       0x83 ../mp3_player_app_bsp/\libhal_bsp.a(alt_do_dtors.o)
 .debug_info    0x0000000000008169       0xa6 ../mp3_player_app_bsp/\libhal_bsp.a(alt_errno.o)
 .debug_info    0x000000000000820f      0x2e9 ../mp3_player_app_bsp/\libhal_bsp.a(alt_find_dev.o)
 .debug_info    0x00000000000084f8       0x92 ../mp3_player_app_bsp/\libhal_bsp.a(alt_icache_flush_all.o)
 .debug_info    0x000000000000858a      0x350 ../mp3_player_app_bsp/\libhal_bsp.a(alt_iic.o)
 .debug_info    0x00000000000088da      0x1ef ../mp3_player_app_bsp/\libhal_bsp.a(alt_iic_isr_register.o)
 .debug_info    0x0000000000008ac9      0x4a5 ../mp3_player_app_bsp/\libhal_bsp.a(alt_io_redirect.o)
 .debug_info    0x0000000000008f6e       0x88 ../mp3_player_app_bsp/\libhal_bsp.a(alt_irq_entry.o)
 .debug_info    0x0000000000008ff6      0x187 ../mp3_player_app_bsp/\libhal_bsp.a(alt_irq_handler.o)
 .debug_info    0x000000000000917d       0x88 ../mp3_player_app_bsp/\libhal_bsp.a(alt_irq_vars.o)
 .debug_info    0x0000000000009205      0x3bb ../mp3_player_app_bsp/\libhal_bsp.a(alt_open.o)
 .debug_info    0x00000000000095c0      0x119 ../mp3_player_app_bsp/\libhal_bsp.a(alt_printf.o)
 .debug_info    0x00000000000096d9      0x8a6 ../mp3_player_app_bsp/\libhal_bsp.a(alt_putchar.o)
 .debug_info    0x0000000000009f7f      0x2b0 ../mp3_player_app_bsp/\libhal_bsp.a(alt_release_fd.o)
 .debug_info    0x000000000000a22f      0x299 ../mp3_player_app_bsp/\libhal_bsp.a(alt_tick.o)
 .debug_info    0x000000000000a4c8       0x92 ../mp3_player_app_bsp/\libhal_bsp.a(altera_nios2_gen2_irq.o)
 .debug_info    0x000000000000a55a       0x8e ../mp3_player_app_bsp/\libhal_bsp.a(alt_exception_entry.o)
 .debug_info    0x000000000000a5e8      0x2e6 ../mp3_player_app_bsp/\libhal_bsp.a(alt_find_file.o)
 .debug_info    0x000000000000a8ce      0x310 ../mp3_player_app_bsp/\libhal_bsp.a(alt_get_fd.o)
 .debug_info    0x000000000000abde      0x1e7 ../mp3_player_app_bsp/\libhal_bsp.a(alt_instruction_exception_entry.o)
 .debug_info    0x000000000000adc5       0xfe c:/intelfpga_lite/18.1/nios2eds/bin/gnu/h-x86_64-mingw32/bin/../lib/gcc/nios2-elf/5.3.0/../../../../../H-x86_64-mingw32/nios2-elf/lib/mno-hw-mul\libsmallc.a(lib_a-atexit.o)
 .debug_info    0x000000000000aec3       0xe5 c:/intelfpga_lite/18.1/nios2eds/bin/gnu/h-x86_64-mingw32/bin/../lib/gcc/nios2-elf/5.3.0/../../../../../H-x86_64-mingw32/nios2-elf/lib/mno-hw-mul\libsmallc.a(lib_a-exit.o)
 .debug_info    0x000000000000afa8       0xf4 c:/intelfpga_lite/18.1/nios2eds/bin/gnu/h-x86_64-mingw32/bin/../lib/gcc/nios2-elf/5.3.0/../../../../../H-x86_64-mingw32/nios2-elf/lib/mno-hw-mul\libsmallc.a(lib_a-memcmp.o)
 .debug_info    0x000000000000b09c      0x119 c:/intelfpga_lite/18.1/nios2eds/bin/gnu/h-x86_64-mingw32/bin/../lib/gcc/nios2-elf/5.3.0/../../../../../H-x86_64-mingw32/nios2-elf/lib/mno-hw-mul\libsmallc.a(lib_a-memcpy.o)
 .debug_info    0x000000000000b1b5      0x672 c:/intelfpga_lite/18.1/nios2eds/bin/gnu/h-x86_64-mingw32/bin/../lib/gcc/nios2-elf/5.3.0/../../../../../H-x86_64-mingw32/nios2-elf/lib/mno-hw-mul\libsmallc.a(lib_a-putc.o)
 .debug_info    0x000000000000b827      0x64a c:/intelfpga_lite/18.1/nios2eds/bin/gnu/h-x86_64-mingw32/bin/../lib/gcc/nios2-elf/5.3.0/../../../../../H-x86_64-mingw32/nios2-elf/lib/mno-hw-mul\libsmallc.a(lib_a-__atexit.o)
 .debug_info    0x000000000000be71      0x67b c:/intelfpga_lite/18.1/nios2eds/bin/gnu/h-x86_64-mingw32/bin/../lib/gcc/nios2-elf/5.3.0/../../../../../H-x86_64-mingw32/nios2-elf/lib/mno-hw-mul\libsmallc.a(lib_a-__call_atexit.o)
 .debug_info    0x000000000000c4ec       0xec ../mp3_player_app_bsp/\libhal_bsp.a(alt_exit.o)

.debug_abbrev   0x0000000000000000     0x4429
 *(.debug_abbrev)
 .debug_abbrev  0x0000000000000000       0x12 ../mp3_player_app_bsp//obj/HAL/src/crt0.o
 .debug_abbrev  0x0000000000000012      0x123 obj/default/sgtl5000/sgtl5000.o
 .debug_abbrev  0x0000000000000135      0x122 obj/default/sgtl5000_test.o
 .debug_abbrev  0x0000000000000257       0x60 c:/intelfpga_lite/18.1/nios2eds/bin/gnu/h-x86_64-mingw32/bin/../lib/gcc/nios2-elf/5.3.0/mno-hw-mul\libgcc.a(_fixunssfsi.o)
 .debug_abbrev  0x00000000000002b7      0x10e c:/intelfpga_lite/18.1/nios2eds/bin/gnu/h-x86_64-mingw32/bin/../lib/gcc/nios2-elf/5.3.0/mno-hw-mul\libgcc.a(lib2-divmod.o)
 .debug_abbrev  0x00000000000003c5      0x128 c:/intelfpga_lite/18.1/nios2eds/bin/gnu/h-x86_64-mingw32/bin/../lib/gcc/nios2-elf/5.3.0/mno-hw-mul\libgcc.a(gesf2.o)
 .debug_abbrev  0x00000000000004ed      0x12d c:/intelfpga_lite/18.1/nios2eds/bin/gnu/h-x86_64-mingw32/bin/../lib/gcc/nios2-elf/5.3.0/mno-hw-mul\libgcc.a(mulsf3.o)
 .debug_abbrev  0x000000000000061a      0x13a c:/intelfpga_lite/18.1/nios2eds/bin/gnu/h-x86_64-mingw32/bin/../lib/gcc/nios2-elf/5.3.0/mno-hw-mul\libgcc.a(subsf3.o)
 .debug_abbrev  0x0000000000000754      0x135 c:/intelfpga_lite/18.1/nios2eds/bin/gnu/h-x86_64-mingw32/bin/../lib/gcc/nios2-elf/5.3.0/mno-hw-mul\libgcc.a(fixsfsi.o)
 .debug_abbrev  0x0000000000000889      0x147 c:/intelfpga_lite/18.1/nios2eds/bin/gnu/h-x86_64-mingw32/bin/../lib/gcc/nios2-elf/5.3.0/mno-hw-mul\libgcc.a(floatunsisf.o)
 .debug_abbrev  0x00000000000009d0       0xbe c:/intelfpga_lite/18.1/nios2eds/bin/gnu/h-x86_64-mingw32/bin/../lib/gcc/nios2-elf/5.3.0/mno-hw-mul\libgcc.a(_clzsi2.o)
 .debug_abbrev  0x0000000000000a8e       0x6f c:/intelfpga_lite/18.1/nios2eds/bin/gnu/h-x86_64-mingw32/bin/../lib/gcc/nios2-elf/5.3.0/mno-hw-mul\libgcc.a(lib2-mul.o)
 .debug_abbrev  0x0000000000000afd       0x5d c:/intelfpga_lite/18.1/nios2eds/bin/gnu/h-x86_64-mingw32/bin/../lib/gcc/nios2-elf/5.3.0/mno-hw-mul\libgcc.a(_clz.o)
 .debug_abbrev  0x0000000000000b5a      0x1ee c:/intelfpga_lite/18.1/nios2eds/bin/gnu/h-x86_64-mingw32/bin/../lib/gcc/nios2-elf/5.3.0/../../../../../H-x86_64-mingw32/nios2-elf/lib/mno-hw-mul\libsmallc.a(lib_a-printf.o)
 .debug_abbrev  0x0000000000000d48      0x1d6 c:/intelfpga_lite/18.1/nios2eds/bin/gnu/h-x86_64-mingw32/bin/../lib/gcc/nios2-elf/5.3.0/../../../../../H-x86_64-mingw32/nios2-elf/lib/mno-hw-mul\libsmallc.a(lib_a-puts.o)
 .debug_abbrev  0x0000000000000f1e       0x7f c:/intelfpga_lite/18.1/nios2eds/bin/gnu/h-x86_64-mingw32/bin/../lib/gcc/nios2-elf/5.3.0/../../../../../H-x86_64-mingw32/nios2-elf/lib/mno-hw-mul\libsmallc.a(lib_a-strlen.o)
 .debug_abbrev  0x0000000000000f9d      0x2a1 c:/intelfpga_lite/18.1/nios2eds/bin/gnu/h-x86_64-mingw32/bin/../lib/gcc/nios2-elf/5.3.0/../../../../../H-x86_64-mingw32/nios2-elf/lib/mno-hw-mul\libsmallc.a(lib_a-vfprintf.o)
 .debug_abbrev  0x000000000000123e      0x1bc c:/intelfpga_lite/18.1/nios2eds/bin/gnu/h-x86_64-mingw32/bin/../lib/gcc/nios2-elf/5.3.0/../../../../../H-x86_64-mingw32/nios2-elf/lib/mno-hw-mul\libsmallc.a(lib_a-fvwrite_small_dev.o)
 .debug_abbrev  0x00000000000013fa      0x14a c:/intelfpga_lite/18.1/nios2eds/bin/gnu/h-x86_64-mingw32/bin/../lib/gcc/nios2-elf/5.3.0/../../../../../H-x86_64-mingw32/nios2-elf/lib/mno-hw-mul\libsmallc.a(lib_a-impure.o)
 .debug_abbrev  0x0000000000001544      0x1a6 c:/intelfpga_lite/18.1/nios2eds/bin/gnu/h-x86_64-mingw32/bin/../lib/gcc/nios2-elf/5.3.0/../../../../../H-x86_64-mingw32/nios2-elf/lib/mno-hw-mul\libsmallc.a(lib_a-writer.o)
 .debug_abbrev  0x00000000000016ea       0x37 c:/intelfpga_lite/18.1/nios2eds/bin/gnu/h-x86_64-mingw32/bin/../lib/gcc/nios2-elf/5.3.0/../../../../../H-x86_64-mingw32/nios2-elf/lib/mno-hw-mul\libsmallc.a(lib_a-int_errno.o)
 .debug_abbrev  0x0000000000001721       0x9f ../mp3_player_app_bsp/\libhal_bsp.a(alt_load.o)
 .debug_abbrev  0x00000000000017c0       0xba ../mp3_player_app_bsp/\libhal_bsp.a(alt_main.o)
 .debug_abbrev  0x000000000000187a      0x133 ../mp3_player_app_bsp/\libhal_bsp.a(alt_write.o)
 .debug_abbrev  0x00000000000019ad      0x1aa ../mp3_player_app_bsp/\libhal_bsp.a(alt_sys_init.o)
 .debug_abbrev  0x0000000000001b57      0x30c ../mp3_player_app_bsp/\libhal_bsp.a(altera_avalon_i2c.o)
 .debug_abbrev  0x0000000000001e63      0x127 ../mp3_player_app_bsp/\libhal_bsp.a(altera_avalon_jtag_uart_fd.o)
 .debug_abbrev  0x0000000000001f8a      0x19e ../mp3_player_app_bsp/\libhal_bsp.a(altera_avalon_jtag_uart_init.o)
 .debug_abbrev  0x0000000000002128      0x111 ../mp3_player_app_bsp/\libhal_bsp.a(altera_avalon_jtag_uart_ioctl.o)
 .debug_abbrev  0x0000000000002239      0x1aa ../mp3_player_app_bsp/\libhal_bsp.a(altera_avalon_jtag_uart_read.o)
 .debug_abbrev  0x00000000000023e3      0x1a8 ../mp3_player_app_bsp/\libhal_bsp.a(altera_avalon_jtag_uart_write.o)
 .debug_abbrev  0x000000000000258b      0x162 ../mp3_player_app_bsp/\libhal_bsp.a(alt_alarm_start.o)
 .debug_abbrev  0x00000000000026ed       0x7e ../mp3_player_app_bsp/\libhal_bsp.a(alt_busy_sleep.o)
 .debug_abbrev  0x000000000000276b      0x11f ../mp3_player_app_bsp/\libhal_bsp.a(alt_close.o)
 .debug_abbrev  0x000000000000288a       0x42 ../mp3_player_app_bsp/\libhal_bsp.a(alt_dcache_flush_all.o)
 .debug_abbrev  0x00000000000028cc       0xd9 ../mp3_player_app_bsp/\libhal_bsp.a(alt_dev.o)
 .debug_abbrev  0x00000000000029a5      0x114 ../mp3_player_app_bsp/\libhal_bsp.a(alt_dev_llist_insert.o)
 .debug_abbrev  0x0000000000002ab9       0x79 ../mp3_player_app_bsp/\libhal_bsp.a(alt_do_ctors.o)
 .debug_abbrev  0x0000000000002b32       0x79 ../mp3_player_app_bsp/\libhal_bsp.a(alt_do_dtors.o)
 .debug_abbrev  0x0000000000002bab       0x5a ../mp3_player_app_bsp/\libhal_bsp.a(alt_errno.o)
 .debug_abbrev  0x0000000000002c05       0xf0 ../mp3_player_app_bsp/\libhal_bsp.a(alt_find_dev.o)
 .debug_abbrev  0x0000000000002cf5       0x42 ../mp3_player_app_bsp/\libhal_bsp.a(alt_icache_flush_all.o)
 .debug_abbrev  0x0000000000002d37      0x163 ../mp3_player_app_bsp/\libhal_bsp.a(alt_iic.o)
 .debug_abbrev  0x0000000000002e9a      0x169 ../mp3_player_app_bsp/\libhal_bsp.a(alt_iic_isr_register.o)
 .debug_abbrev  0x0000000000003003      0x114 ../mp3_player_app_bsp/\libhal_bsp.a(alt_io_redirect.o)
 .debug_abbrev  0x0000000000003117       0x12 ../mp3_player_app_bsp/\libhal_bsp.a(alt_irq_entry.o)
 .debug_abbrev  0x0000000000003129      0x122 ../mp3_player_app_bsp/\libhal_bsp.a(alt_irq_handler.o)
 .debug_abbrev  0x000000000000324b       0x40 ../mp3_player_app_bsp/\libhal_bsp.a(alt_irq_vars.o)
 .debug_abbrev  0x000000000000328b      0x148 ../mp3_player_app_bsp/\libhal_bsp.a(alt_open.o)
 .debug_abbrev  0x00000000000033d3       0xb0 ../mp3_player_app_bsp/\libhal_bsp.a(alt_printf.o)
 .debug_abbrev  0x0000000000003483      0x1af ../mp3_player_app_bsp/\libhal_bsp.a(alt_putchar.o)
 .debug_abbrev  0x0000000000003632       0xde ../mp3_player_app_bsp/\libhal_bsp.a(alt_release_fd.o)
 .debug_abbrev  0x0000000000003710      0x15a ../mp3_player_app_bsp/\libhal_bsp.a(alt_tick.o)
 .debug_abbrev  0x000000000000386a       0x42 ../mp3_player_app_bsp/\libhal_bsp.a(altera_nios2_gen2_irq.o)
 .debug_abbrev  0x00000000000038ac       0x12 ../mp3_player_app_bsp/\libhal_bsp.a(alt_exception_entry.o)
 .debug_abbrev  0x00000000000038be       0xf0 ../mp3_player_app_bsp/\libhal_bsp.a(alt_find_file.o)
 .debug_abbrev  0x00000000000039ae      0x10d ../mp3_player_app_bsp/\libhal_bsp.a(alt_get_fd.o)
 .debug_abbrev  0x0000000000003abb       0xdc ../mp3_player_app_bsp/\libhal_bsp.a(alt_instruction_exception_entry.o)
 .debug_abbrev  0x0000000000003b97       0xaa c:/intelfpga_lite/18.1/nios2eds/bin/gnu/h-x86_64-mingw32/bin/../lib/gcc/nios2-elf/5.3.0/../../../../../H-x86_64-mingw32/nios2-elf/lib/mno-hw-mul\libsmallc.a(lib_a-atexit.o)
 .debug_abbrev  0x0000000000003c41       0x8b c:/intelfpga_lite/18.1/nios2eds/bin/gnu/h-x86_64-mingw32/bin/../lib/gcc/nios2-elf/5.3.0/../../../../../H-x86_64-mingw32/nios2-elf/lib/mno-hw-mul\libsmallc.a(lib_a-exit.o)
 .debug_abbrev  0x0000000000003ccc       0x7f c:/intelfpga_lite/18.1/nios2eds/bin/gnu/h-x86_64-mingw32/bin/../lib/gcc/nios2-elf/5.3.0/../../../../../H-x86_64-mingw32/nios2-elf/lib/mno-hw-mul\libsmallc.a(lib_a-memcmp.o)
 .debug_abbrev  0x0000000000003d4b       0x9c c:/intelfpga_lite/18.1/nios2eds/bin/gnu/h-x86_64-mingw32/bin/../lib/gcc/nios2-elf/5.3.0/../../../../../H-x86_64-mingw32/nios2-elf/lib/mno-hw-mul\libsmallc.a(lib_a-memcpy.o)
 .debug_abbrev  0x0000000000003de7      0x1bd c:/intelfpga_lite/18.1/nios2eds/bin/gnu/h-x86_64-mingw32/bin/../lib/gcc/nios2-elf/5.3.0/../../../../../H-x86_64-mingw32/nios2-elf/lib/mno-hw-mul\libsmallc.a(lib_a-putc.o)
 .debug_abbrev  0x0000000000003fa4      0x1e6 c:/intelfpga_lite/18.1/nios2eds/bin/gnu/h-x86_64-mingw32/bin/../lib/gcc/nios2-elf/5.3.0/../../../../../H-x86_64-mingw32/nios2-elf/lib/mno-hw-mul\libsmallc.a(lib_a-__atexit.o)
 .debug_abbrev  0x000000000000418a      0x1f6 c:/intelfpga_lite/18.1/nios2eds/bin/gnu/h-x86_64-mingw32/bin/../lib/gcc/nios2-elf/5.3.0/../../../../../H-x86_64-mingw32/nios2-elf/lib/mno-hw-mul\libsmallc.a(lib_a-__call_atexit.o)
 .debug_abbrev  0x0000000000004380       0xa9 ../mp3_player_app_bsp/\libhal_bsp.a(alt_exit.o)

.debug_line     0x0000000000000000     0x49ce
 *(.debug_line)
 .debug_line    0x0000000000000000       0x66 ../mp3_player_app_bsp//obj/HAL/src/crt0.o
 .debug_line    0x0000000000000066      0x132 obj/default/sgtl5000/sgtl5000.o
 .debug_line    0x0000000000000198      0x169 obj/default/sgtl5000_test.o
 .debug_line    0x0000000000000301       0x6e c:/intelfpga_lite/18.1/nios2eds/bin/gnu/h-x86_64-mingw32/bin/../lib/gcc/nios2-elf/5.3.0/mno-hw-mul\libgcc.a(_fixunssfsi.o)
 .debug_line    0x000000000000036f      0x105 c:/intelfpga_lite/18.1/nios2eds/bin/gnu/h-x86_64-mingw32/bin/../lib/gcc/nios2-elf/5.3.0/mno-hw-mul\libgcc.a(lib2-divmod.o)
 .debug_line    0x0000000000000474       0xbf c:/intelfpga_lite/18.1/nios2eds/bin/gnu/h-x86_64-mingw32/bin/../lib/gcc/nios2-elf/5.3.0/mno-hw-mul\libgcc.a(gesf2.o)
 .debug_line    0x0000000000000533      0x15c c:/intelfpga_lite/18.1/nios2eds/bin/gnu/h-x86_64-mingw32/bin/../lib/gcc/nios2-elf/5.3.0/mno-hw-mul\libgcc.a(mulsf3.o)
 .debug_line    0x000000000000068f      0x298 c:/intelfpga_lite/18.1/nios2eds/bin/gnu/h-x86_64-mingw32/bin/../lib/gcc/nios2-elf/5.3.0/mno-hw-mul\libgcc.a(subsf3.o)
 .debug_line    0x0000000000000927       0x9a c:/intelfpga_lite/18.1/nios2eds/bin/gnu/h-x86_64-mingw32/bin/../lib/gcc/nios2-elf/5.3.0/mno-hw-mul\libgcc.a(fixsfsi.o)
 .debug_line    0x00000000000009c1       0xa9 c:/intelfpga_lite/18.1/nios2eds/bin/gnu/h-x86_64-mingw32/bin/../lib/gcc/nios2-elf/5.3.0/mno-hw-mul\libgcc.a(floatunsisf.o)
 .debug_line    0x0000000000000a6a       0xbd c:/intelfpga_lite/18.1/nios2eds/bin/gnu/h-x86_64-mingw32/bin/../lib/gcc/nios2-elf/5.3.0/mno-hw-mul\libgcc.a(_clzsi2.o)
 .debug_line    0x0000000000000b27       0x80 c:/intelfpga_lite/18.1/nios2eds/bin/gnu/h-x86_64-mingw32/bin/../lib/gcc/nios2-elf/5.3.0/mno-hw-mul\libgcc.a(lib2-mul.o)
 .debug_line    0x0000000000000ba7       0x56 c:/intelfpga_lite/18.1/nios2eds/bin/gnu/h-x86_64-mingw32/bin/../lib/gcc/nios2-elf/5.3.0/mno-hw-mul\libgcc.a(_clz.o)
 .debug_line    0x0000000000000bfd      0x203 c:/intelfpga_lite/18.1/nios2eds/bin/gnu/h-x86_64-mingw32/bin/../lib/gcc/nios2-elf/5.3.0/../../../../../H-x86_64-mingw32/nios2-elf/lib/mno-hw-mul\libsmallc.a(lib_a-printf.o)